---------------------------------------
Begin Slurm Prolog: Oct-01-2026 17:26:42
Job ID:    13794888
User ID:   wahrens6
Account:   gts-wahrens6
Job name:  saps-fill-in
Partition: cpu-medium
QOS:       inferno
---------------------------------------
  SNAP/sx-superuser: max_degree=14254 squarings=1 (0.6s)
Fewest squarings whose density bound reaches 1%:
  SNAP/sx-superuser      1  max_degree=14254  growth<=4.88e+03x  density<=13.5954%
Saved /storage/scratch1/7/wahrens6/SparseArrayProgrammingSuite/.saps/outputs/fill-in/run_13794825/SNAP/sx-superuser.json
---------------------------------------
Begin Slurm Epilog: Oct-01-2026 17:26:48
Job ID:        13794888
Array Job ID:  13794825_62
User ID:       wahrens6
Account:       gts-wahrens6
Job name:      saps-fill-in
Resources:     cpu=1,mem=16G,node=1
Rsrc Used:     cput=00:00:06,vmem=0,walltime=00:00:06,mem=60828K,energy_used=0
Partition:     cpu-medium
QOS:           inferno
Nodes:         atl1-1-01-003-32-2
---------------------------------------
