---------------------------------------
Begin Slurm Prolog: Oct-01-2026 17:26:42
Job ID:    13794841
User ID:   wahrens6
Account:   gts-wahrens6
Job name:  saps-fill-in
Partition: cpu-medium
QOS:       inferno
---------------------------------------
  SNAP/ca-AstroPh: max_degree=504 squarings=1 (0.1s)
Fewest squarings whose density bound reaches 1%:
  SNAP/ca-AstroPh      1  max_degree=504  growth<=342x  density<=40.2902%
Saved /storage/scratch1/7/wahrens6/SparseArrayProgrammingSuite/.saps/outputs/fill-in/run_13794825/SNAP/ca-AstroPh.json
---------------------------------------
Begin Slurm Epilog: Oct-01-2026 17:26:47
Job ID:        13794841
Array Job ID:  13794825_15
User ID:       wahrens6
Account:       gts-wahrens6
Job name:      saps-fill-in
Resources:     cpu=1,mem=16G,node=1
Rsrc Used:     cput=00:00:05,vmem=0,walltime=00:00:05,mem=58380K,energy_used=0
Partition:     cpu-medium
QOS:           inferno
Nodes:         atl1-1-01-003-12-2
---------------------------------------
