---------------------------------------
Begin Slurm Prolog: Oct-01-2026 17:26:42
Job ID:    13794852
User ID:   wahrens6
Account:   gts-wahrens6
Job name:  saps-fill-in
Partition: cpu-medium
QOS:       inferno
---------------------------------------
  SNAP/com-LiveJournal: max_degree=14815 squarings=1 (38.5s)
Fewest squarings whose density bound reaches 1%:
  SNAP/com-LiveJournal      1  max_degree=14815  growth<=1.35e+04x  density<=6.1763%
Saved /storage/scratch1/7/wahrens6/SparseArrayProgrammingSuite/.saps/outputs/fill-in/run_13794825/SNAP/com-LiveJournal.json
---------------------------------------
Begin Slurm Epilog: Oct-01-2026 17:27:25
Job ID:        13794852
Array Job ID:  13794825_26
User ID:       wahrens6
Account:       gts-wahrens6
Job name:      saps-fill-in
Resources:     cpu=1,mem=16G,node=1
Rsrc Used:     cput=00:00:44,vmem=0,walltime=00:00:44,mem=740120K,energy_used=0
Partition:     cpu-medium
QOS:           inferno
Nodes:         atl1-1-01-003-21-2
---------------------------------------
