---------------------------------------
Begin Slurm Prolog: Oct-01-2026 17:26:42
Job ID:    13794875
User ID:   wahrens6
Account:   gts-wahrens6
Job name:  saps-fill-in
Partition: cpu-medium
QOS:       inferno
---------------------------------------
  SNAP/soc-LiveJournal1: max_degree=20292 squarings=1 (37.3s)
Fewest squarings whose density bound reaches 1%:
  SNAP/soc-LiveJournal1      1  max_degree=20292  growth<=1.83e+04x  density<=5.7116%
Saved /storage/scratch1/7/wahrens6/SparseArrayProgrammingSuite/.saps/outputs/fill-in/run_13794825/SNAP/soc-LiveJournal1.json
---------------------------------------
Begin Slurm Epilog: Oct-01-2026 17:27:25
Job ID:        13794875
Array Job ID:  13794825_49
User ID:       wahrens6
Account:       gts-wahrens6
Job name:      saps-fill-in
Resources:     cpu=1,mem=16G,node=1
Rsrc Used:     cput=00:00:44,vmem=0,walltime=00:00:44,mem=713732K,energy_used=0
Partition:     cpu-medium
QOS:           inferno
Nodes:         atl1-1-01-003-32-1
---------------------------------------
