---------------------------------------
Begin Slurm Prolog: Oct-01-2026 17:26:42
Job ID:    13794878
User ID:   wahrens6
Account:   gts-wahrens6
Job name:  saps-fill-in
Partition: cpu-medium
QOS:       inferno
---------------------------------------
  SNAP/soc-Slashdot0902: max_degree=2510 squarings=1 (0.1s)
Fewest squarings whose density bound reaches 1%:
  SNAP/soc-Slashdot0902      1  max_degree=2510  growth<=1.34e+03x  density<=18.8900%
Saved /storage/scratch1/7/wahrens6/SparseArrayProgrammingSuite/.saps/outputs/fill-in/run_13794825/SNAP/soc-Slashdot0902.json
---------------------------------------
Begin Slurm Epilog: Oct-01-2026 17:26:47
Job ID:        13794878
Array Job ID:  13794825_52
User ID:       wahrens6
Account:       gts-wahrens6
Job name:      saps-fill-in
Resources:     cpu=1,mem=16G,node=1
Rsrc Used:     cput=00:00:06,vmem=0,walltime=00:00:06,mem=61908K,energy_used=0
Partition:     cpu-medium
QOS:           inferno
Nodes:         atl1-1-01-003-32-2
---------------------------------------
