---------------------------------------
Begin Slurm Prolog: Oct-01-2026 17:26:42
Job ID:    13794859
User ID:   wahrens6
Account:   gts-wahrens6
Job name:  saps-fill-in
Partition: cpu-medium
QOS:       inferno
---------------------------------------
  SNAP/higgs-twitter: max_degree=1259 squarings=1 (7.8s)
Fewest squarings whose density bound reaches 1%:
  SNAP/higgs-twitter      1  max_degree=1259  growth<=1.21e+03x  density<=8.9072%
Saved /storage/scratch1/7/wahrens6/SparseArrayProgrammingSuite/.saps/outputs/fill-in/run_13794825/SNAP/higgs-twitter.json
---------------------------------------
Begin Slurm Epilog: Oct-01-2026 17:26:55
Job ID:        13794859
Array Job ID:  13794825_33
User ID:       wahrens6
Account:       gts-wahrens6
Job name:      saps-fill-in
Resources:     cpu=1,mem=16G,node=1
Rsrc Used:     cput=00:00:14,vmem=0,walltime=00:00:14,mem=244716K,energy_used=0
Partition:     cpu-medium
QOS:           inferno
Nodes:         atl1-1-01-003-28-1
---------------------------------------
