---------------------------------------
Begin Slurm Prolog: Oct-01-2026 17:26:42
Job ID:    13794880
User ID:   wahrens6
Account:   gts-wahrens6
Job name:  saps-fill-in
Partition: cpu-medium
QOS:       inferno
---------------------------------------
  SNAP/soc-sign-Slashdot090216: max_degree=428 squarings=1 (0.1s)
Fewest squarings whose density bound reaches 1%:
  SNAP/soc-sign-Slashdot090216      1  max_degree=428  growth<=362x  density<=3.3929%
Saved /storage/scratch1/7/wahrens6/SparseArrayProgrammingSuite/.saps/outputs/fill-in/run_13794825/SNAP/soc-sign-Slashdot090216.json
---------------------------------------
Begin Slurm Epilog: Oct-01-2026 17:26:47
Job ID:        13794880
Array Job ID:  13794825_54
User ID:       wahrens6
Account:       gts-wahrens6
Job name:      saps-fill-in
Resources:     cpu=1,mem=16G,node=1
Rsrc Used:     cput=00:00:06,vmem=0,walltime=00:00:06,mem=58400K,energy_used=0
Partition:     cpu-medium
QOS:           inferno
Nodes:         atl1-1-01-003-32-2
---------------------------------------
