---------------------------------------
Begin Slurm Prolog: Oct-01-2026 17:26:42
Job ID:    13794871
User ID:   wahrens6
Account:   gts-wahrens6
Job name:  saps-fill-in
Partition: cpu-medium
QOS:       inferno
---------------------------------------
  SNAP/roadNet-CA: max_degree=12 squarings=3 (3.1s)
Fewest squarings whose density bound reaches 1%:
  SNAP/roadNet-CA      3  max_degree=12  growth<=5.16e+05x  density<=99.6918%
Saved /storage/scratch1/7/wahrens6/SparseArrayProgrammingSuite/.saps/outputs/fill-in/run_13794825/SNAP/roadNet-CA.json
---------------------------------------
Begin Slurm Epilog: Oct-01-2026 17:26:51
Job ID:        13794871
Array Job ID:  13794825_45
User ID:       wahrens6
Account:       gts-wahrens6
Job name:      saps-fill-in
Resources:     cpu=1,mem=16G,node=1
Rsrc Used:     cput=00:00:10,vmem=0,walltime=00:00:10,mem=159816K,energy_used=0
Partition:     cpu-medium
QOS:           inferno
Nodes:         atl1-1-01-003-32-1
---------------------------------------
