---------------------------------------
Begin Slurm Prolog: Oct-01-2026 17:26:42
Job ID:    13794891
User ID:   wahrens6
Account:   gts-wahrens6
Job name:  saps-fill-in
Partition: cpu-medium
QOS:       inferno
---------------------------------------
  SNAP/web-Google: max_degree=456 squarings=2 (1.7s)
Fewest squarings whose density bound reaches 1%:
  SNAP/web-Google      2  max_degree=456  growth<=1.13e+05x  density<=80.6887%
Saved /storage/scratch1/7/wahrens6/SparseArrayProgrammingSuite/.saps/outputs/fill-in/run_13794825/SNAP/web-Google.json
---------------------------------------
Begin Slurm Epilog: Oct-01-2026 17:26:49
Job ID:        13794891
Array Job ID:  13794825_65
User ID:       wahrens6
Account:       gts-wahrens6
Job name:      saps-fill-in
Resources:     cpu=1,mem=16G,node=1
Rsrc Used:     cput=00:00:08,vmem=0,walltime=00:00:08,mem=136332K,energy_used=0
Partition:     cpu-medium
QOS:           inferno
Nodes:         atl1-1-01-003-32-2
---------------------------------------
