---------------------------------------
Begin Slurm Prolog: Oct-01-2026 17:26:42
Job ID:    13794867
User ID:   wahrens6
Account:   gts-wahrens6
Job name:  saps-fill-in
Partition: cpu-medium
QOS:       inferno
---------------------------------------
  SNAP/p2p-Gnutella24: max_degree=79 squarings=2 (0.3s)
Fewest squarings whose density bound reaches 1%:
  SNAP/p2p-Gnutella24      2  max_degree=79  growth<=2.18e+03x  density<=28.5493%
Saved /storage/scratch1/7/wahrens6/SparseArrayProgrammingSuite/.saps/outputs/fill-in/run_13794825/SNAP/p2p-Gnutella24.json
---------------------------------------
Begin Slurm Epilog: Oct-01-2026 17:26:48
Job ID:        13794867
Array Job ID:  13794825_41
User ID:       wahrens6
Account:       gts-wahrens6
Job name:      saps-fill-in
Resources:     cpu=1,mem=16G,node=1
Rsrc Used:     cput=00:00:07,vmem=0,walltime=00:00:07,mem=71548K,energy_used=0
Partition:     cpu-medium
QOS:           inferno
Nodes:         atl1-1-01-003-30-1
---------------------------------------
