---------------------------------------
Begin Slurm Prolog: Oct-01-2026 17:26:42
Job ID:    13794846
User ID:   wahrens6
Account:   gts-wahrens6
Job name:  saps-fill-in
Partition: cpu-medium
QOS:       inferno
---------------------------------------
  SNAP/cit-HepPh: max_degree=411 squarings=1 (0.1s)
Fewest squarings whose density bound reaches 1%:
  SNAP/cit-HepPh      1  max_degree=411  growth<=374x  density<=14.2904%
Saved /storage/scratch1/7/wahrens6/SparseArrayProgrammingSuite/.saps/outputs/fill-in/run_13794825/SNAP/cit-HepPh.json
---------------------------------------
Begin Slurm Epilog: Oct-01-2026 17:26:48
Job ID:        13794846
Array Job ID:  13794825_20
User ID:       wahrens6
Account:       gts-wahrens6
Job name:      saps-fill-in
Resources:     cpu=1,mem=16G,node=1
Rsrc Used:     cput=00:00:07,vmem=0,walltime=00:00:07,mem=79524K,energy_used=0
Partition:     cpu-medium
QOS:           inferno
Nodes:         atl1-1-01-003-16-1
---------------------------------------
