---------------------------------------
Begin Slurm Prolog: Oct-01-2026 17:26:42
Job ID:    13794895
User ID:   wahrens6
Account:   gts-wahrens6
Job name:  saps-fill-in
Partition: cpu-medium
QOS:       inferno
---------------------------------------
  SNAP/wiki-Talk: max_degree=100022 squarings=1 (1.7s)
Fewest squarings whose density bound reaches 1%:
  SNAP/wiki-Talk      1  max_degree=100022  growth<=9.25e+03x  density<=1.1960%
Saved /storage/scratch1/7/wahrens6/SparseArrayProgrammingSuite/.saps/outputs/fill-in/run_13794825/SNAP/wiki-Talk.json
---------------------------------------
Begin Slurm Epilog: Oct-01-2026 17:26:50
Job ID:        13794895
Array Job ID:  13794825_69
User ID:       wahrens6
Account:       gts-wahrens6
Job name:      saps-fill-in
Resources:     cpu=1,mem=16G,node=1
Rsrc Used:     cput=00:00:09,vmem=0,walltime=00:00:09,mem=164224K,energy_used=0
Partition:     cpu-medium
QOS:           inferno
Nodes:         atl1-1-01-004-4-2
---------------------------------------
