---------------------------------------
Begin Slurm Prolog: Oct-01-2026 17:26:42
Job ID:    13794876
User ID:   wahrens6
Account:   gts-wahrens6
Job name:  saps-fill-in
Partition: cpu-medium
QOS:       inferno
---------------------------------------
  SNAP/soc-Pokec: max_degree=8763 squarings=1 (28.3s)
Fewest squarings whose density bound reaches 1%:
  SNAP/soc-Pokec      1  max_degree=8763  growth<=8.19e+03x  density<=9.9032%
Saved /storage/scratch1/7/wahrens6/SparseArrayProgrammingSuite/.saps/outputs/fill-in/run_13794825/SNAP/soc-Pokec.json
---------------------------------------
Begin Slurm Epilog: Oct-01-2026 17:27:15
Job ID:        13794876
Array Job ID:  13794825_50
User ID:       wahrens6
Account:       gts-wahrens6
Job name:      saps-fill-in
Resources:     cpu=1,mem=16G,node=1
Rsrc Used:     cput=00:00:34,vmem=0,walltime=00:00:34,mem=499900K,energy_used=0
Partition:     cpu-medium
QOS:           inferno
Nodes:         atl1-1-01-003-32-2
---------------------------------------
