---------------------------------------
Begin Slurm Prolog: Oct-01-2026 17:26:42
Job ID:    13794897
User ID:   wahrens6
Account:   gts-wahrens6
Job name:  saps-fill-in
Partition: cpu-medium
QOS:       inferno
---------------------------------------
  SNAP/wiki-talk-temporal: max_degree=141883 squarings=1 (1.0s)
Fewest squarings whose density bound reaches 1%:
  SNAP/wiki-talk-temporal      1  max_degree=141883  growth<=1.26e+04x  density<=4.1514%
Saved /storage/scratch1/7/wahrens6/SparseArrayProgrammingSuite/.saps/outputs/fill-in/run_13794825/SNAP/wiki-talk-temporal.json
---------------------------------------
Begin Slurm Epilog: Oct-01-2026 17:26:49
Job ID:        13794897
Array Job ID:  13794825_71
User ID:       wahrens6
Account:       gts-wahrens6
Job name:      saps-fill-in
Resources:     cpu=1,mem=16G,node=1
Rsrc Used:     cput=00:00:08,vmem=0,walltime=00:00:08,mem=112M,energy_used=0
Partition:     cpu-medium
QOS:           inferno
Nodes:         atl1-1-01-004-5-1
---------------------------------------
