---------------------------------------
Begin Slurm Prolog: Oct-01-2026 17:26:42
Job ID:    13794836
User ID:   wahrens6
Account:   gts-wahrens6
Job name:  saps-fill-in
Partition: cpu-medium
QOS:       inferno
---------------------------------------
  SNAP/amazon0505: max_degree=10 squarings=2 (0.7s)
Fewest squarings whose density bound reaches 1%:
  SNAP/amazon0505      2  max_degree=10  growth<=990x  density<=2.2163%
Saved /storage/scratch1/7/wahrens6/SparseArrayProgrammingSuite/.saps/outputs/fill-in/run_13794825/SNAP/amazon0505.json
---------------------------------------
Begin Slurm Epilog: Oct-01-2026 17:26:49
Job ID:        13794836
Array Job ID:  13794825_10
User ID:       wahrens6
Account:       gts-wahrens6
Job name:      saps-fill-in
Resources:     cpu=1,mem=16G,node=1
Rsrc Used:     cput=00:00:08,vmem=0,walltime=00:00:08,mem=113292K,energy_used=0
Partition:     cpu-medium
QOS:           inferno
Nodes:         atl1-1-01-003-6-2
---------------------------------------
