---------------------------------------
Begin Slurm Prolog: Oct-01-2026 17:26:42
Job ID:    13794856
User ID:   wahrens6
Account:   gts-wahrens6
Job name:  saps-fill-in
Partition: cpu-medium
QOS:       inferno
---------------------------------------
  SNAP/email-Eu-core: max_degree=333 squarings=0 (0.0s)
Fewest squarings whose density bound reaches 1%:
  SNAP/email-Eu-core      0  max_degree=333  growth<=1x  density<=2.5677%
Saved /storage/scratch1/7/wahrens6/SparseArrayProgrammingSuite/.saps/outputs/fill-in/run_13794825/SNAP/email-Eu-core.json
---------------------------------------
Begin Slurm Epilog: Oct-01-2026 17:26:47
Job ID:        13794856
Array Job ID:  13794825_30
User ID:       wahrens6
Account:       gts-wahrens6
Job name:      saps-fill-in
Resources:     cpu=1,mem=16G,node=1
Rsrc Used:     cput=00:00:06,vmem=0,walltime=00:00:06,mem=62268K,energy_used=0
Partition:     cpu-medium
QOS:           inferno
Nodes:         atl1-1-01-003-27-1
---------------------------------------
