---------------------------------------
Begin Slurm Prolog: Oct-01-2026 17:26:42
Job ID:    13794861
User ID:   wahrens6
Account:   gts-wahrens6
Job name:  saps-fill-in
Partition: cpu-medium
QOS:       inferno
---------------------------------------
  SNAP/loc-Gowalla: max_degree=14730 squarings=1 (0.8s)
Fewest squarings whose density bound reaches 1%:
  SNAP/loc-Gowalla      1  max_degree=14730  growth<=7.27e+03x  density<=39.4316%
Saved /storage/scratch1/7/wahrens6/SparseArrayProgrammingSuite/.saps/outputs/fill-in/run_13794825/SNAP/loc-Gowalla.json
---------------------------------------
Begin Slurm Epilog: Oct-01-2026 17:26:48
Job ID:        13794861
Array Job ID:  13794825_35
User ID:       wahrens6
Account:       gts-wahrens6
Job name:      saps-fill-in
Resources:     cpu=1,mem=16G,node=1
Rsrc Used:     cput=00:00:07,vmem=0,walltime=00:00:07,mem=82144K,energy_used=0
Partition:     cpu-medium
QOS:           inferno
Nodes:         atl1-1-01-003-28-1
---------------------------------------
