---------------------------------------
Begin Slurm Prolog: Oct-01-2026 17:26:42
Job ID:    13794858
User ID:   wahrens6
Account:   gts-wahrens6
Job name:  saps-fill-in
Partition: cpu-medium
QOS:       inferno
---------------------------------------
  SNAP/email-EuAll: max_degree=929 squarings=2 (0.1s)
Fewest squarings whose density bound reaches 1%:
  SNAP/email-EuAll      2  max_degree=929  growth<=8.73e+04x  density<=84.8889%
Saved /storage/scratch1/7/wahrens6/SparseArrayProgrammingSuite/.saps/outputs/fill-in/run_13794825/SNAP/email-EuAll.json
---------------------------------------
Begin Slurm Epilog: Oct-01-2026 17:26:47
Job ID:        13794858
Array Job ID:  13794825_32
User ID:       wahrens6
Account:       gts-wahrens6
Job name:      saps-fill-in
Resources:     cpu=1,mem=16G,node=1
Rsrc Used:     cput=00:00:06,vmem=0,walltime=00:00:06,mem=59740K,energy_used=0
Partition:     cpu-medium
QOS:           inferno
Nodes:         atl1-1-01-003-28-1
---------------------------------------
