---------------------------------------
Begin Slurm Prolog: Oct-01-2026 17:26:42
Job ID:    13794855
User ID:   wahrens6
Account:   gts-wahrens6
Job name:  saps-fill-in
Partition: cpu-medium
QOS:       inferno
---------------------------------------
  SNAP/email-Enron: max_degree=1383 squarings=1 (0.1s)
Fewest squarings whose density bound reaches 1%:
  SNAP/email-Enron      1  max_degree=1383  growth<=742x  density<=22.2868%
Saved /storage/scratch1/7/wahrens6/SparseArrayProgrammingSuite/.saps/outputs/fill-in/run_13794825/SNAP/email-Enron.json
---------------------------------------
Begin Slurm Epilog: Oct-01-2026 17:26:47
Job ID:        13794855
Array Job ID:  13794825_29
User ID:       wahrens6
Account:       gts-wahrens6
Job name:      saps-fill-in
Resources:     cpu=1,mem=16G,node=1
Rsrc Used:     cput=00:00:06,vmem=0,walltime=00:00:06,mem=62184K,energy_used=0
Partition:     cpu-medium
QOS:           inferno
Nodes:         atl1-1-01-003-27-1
---------------------------------------
