---------------------------------------
Begin Slurm Prolog: Oct-01-2026 17:26:42
Job ID:    13794843
User ID:   wahrens6
Account:   gts-wahrens6
Job name:  saps-fill-in
Partition: cpu-medium
QOS:       inferno
---------------------------------------
  SNAP/ca-GrQc: max_degree=81 squarings=1 (0.0s)
Fewest squarings whose density bound reaches 1%:
  SNAP/ca-GrQc      1  max_degree=81  growth<=69.4x  density<=8.6418%
Saved /storage/scratch1/7/wahrens6/SparseArrayProgrammingSuite/.saps/outputs/fill-in/run_13794825/SNAP/ca-GrQc.json
---------------------------------------
Begin Slurm Epilog: Oct-01-2026 17:26:48
Job ID:        13794843
Array Job ID:  13794825_17
User ID:       wahrens6
Account:       gts-wahrens6
Job name:      saps-fill-in
Resources:     cpu=1,mem=16G,node=1
Rsrc Used:     cput=00:00:07,vmem=0,walltime=00:00:07,mem=73860K,energy_used=0
Partition:     cpu-medium
QOS:           inferno
Nodes:         atl1-1-01-003-15-1
---------------------------------------
