---------------------------------------
Begin Slurm Prolog: Oct-01-2026 17:26:42
Job ID:    13794886
User ID:   wahrens6
Account:   gts-wahrens6
Job name:  saps-fill-in
Partition: cpu-medium
QOS:       inferno
---------------------------------------
  SNAP/sx-mathoverflow: max_degree=1848 squarings=1 (0.1s)
Fewest squarings whose density bound reaches 1%:
  SNAP/sx-mathoverflow      1  max_degree=1848  growth<=446x  density<=18.2993%
Saved /storage/scratch1/7/wahrens6/SparseArrayProgrammingSuite/.saps/outputs/fill-in/run_13794825/SNAP/sx-mathoverflow.json
---------------------------------------
Begin Slurm Epilog: Oct-01-2026 17:26:47
Job ID:        13794886
Array Job ID:  13794825_60
User ID:       wahrens6
Account:       gts-wahrens6
Job name:      saps-fill-in
Resources:     cpu=1,mem=16G,node=1
Rsrc Used:     cput=00:00:06,vmem=0,walltime=00:00:06,mem=57728K,energy_used=0
Partition:     cpu-medium
QOS:           inferno
Nodes:         atl1-1-01-003-32-2
---------------------------------------
