---------------------------------------
Begin Slurm Prolog: Oct-01-2026 17:26:42
Job ID:    13794853
User ID:   wahrens6
Account:   gts-wahrens6
Job name:  saps-fill-in
Partition: cpu-medium
QOS:       inferno
---------------------------------------
  SNAP/com-Orkut: max_degree=33313 squarings=1 (13.7s)
Fewest squarings whose density bound reaches 1%:
  SNAP/com-Orkut      1  max_degree=33313  growth<=2.14e+04x  density<=53.8206%
Saved /storage/scratch1/7/wahrens6/SparseArrayProgrammingSuite/.saps/outputs/fill-in/run_13794825/SNAP/com-Orkut.json
---------------------------------------
Begin Slurm Epilog: Oct-01-2026 17:27:01
Job ID:        13794853
Array Job ID:  13794825_27
User ID:       wahrens6
Account:       gts-wahrens6
Job name:      saps-fill-in
Resources:     cpu=1,mem=16G,node=1
Rsrc Used:     cput=00:00:20,vmem=0,walltime=00:00:20,mem=1157160K,energy_used=0
Partition:     cpu-medium
QOS:           inferno
Nodes:         atl1-1-01-003-21-2
---------------------------------------
