---------------------------------------
Begin Slurm Prolog: Oct-01-2026 17:26:42
Job ID:    13794887
User ID:   wahrens6
Account:   gts-wahrens6
Job name:  saps-fill-in
Partition: cpu-medium
QOS:       inferno
---------------------------------------
  SNAP/sx-stackoverflow: max_degree=38147 squarings=1 (3.0s)
Fewest squarings whose density bound reaches 1%:
  SNAP/sx-stackoverflow      1  max_degree=38147  growth<=1.66e+04x  density<=9.1984%
Saved /storage/scratch1/7/wahrens6/SparseArrayProgrammingSuite/.saps/outputs/fill-in/run_13794825/SNAP/sx-stackoverflow.json
---------------------------------------
Begin Slurm Epilog: Oct-01-2026 17:26:50
Job ID:        13794887
Array Job ID:  13794825_61
User ID:       wahrens6
Account:       gts-wahrens6
Job name:      saps-fill-in
Resources:     cpu=1,mem=16G,node=1
Rsrc Used:     cput=00:00:09,vmem=0,walltime=00:00:09,mem=370736K,energy_used=0
Partition:     cpu-medium
QOS:           inferno
Nodes:         atl1-1-01-003-32-2
---------------------------------------
