---------------------------------------
Begin Slurm Prolog: Oct-01-2026 17:26:42
Job ID:    13794826
User ID:   wahrens6
Account:   gts-wahrens6
Job name:  saps-fill-in
Partition: cpu-medium
QOS:       inferno
---------------------------------------
  GAP/GAP-kron: max_degree=1572838 squarings=1 (350.8s)
Fewest squarings whose density bound reaches 1%:
  GAP/GAP-kron      1  max_degree=1572838  growth<=3.83e+05x  density<=9.2551%
Saved /storage/scratch1/7/wahrens6/SparseArrayProgrammingSuite/.saps/outputs/fill-in/run_13794825/GAP/GAP-kron.json
---------------------------------------
Begin Slurm Epilog: Oct-01-2026 17:32:38
Job ID:        13794826
Array Job ID:  13794825_0
User ID:       wahrens6
Account:       gts-wahrens6
Job name:      saps-fill-in
Resources:     cpu=1,mem=16G,node=1
Rsrc Used:     cput=00:05:57,vmem=0,walltime=00:05:57,mem=8388600K,energy_used=0
Partition:     cpu-medium
QOS:           inferno
Nodes:         atl1-1-01-003-2-1
---------------------------------------
