---------------------------------------
Begin Slurm Prolog: Oct-01-2026 17:26:42
Job ID:    13794854
User ID:   wahrens6
Account:   gts-wahrens6
Job name:  saps-fill-in
Partition: cpu-medium
QOS:       inferno
---------------------------------------
  SNAP/com-Youtube: max_degree=28754 squarings=1 (1.7s)
Fewest squarings whose density bound reaches 1%:
  SNAP/com-Youtube      1  max_degree=28754  growth<=1.69e+04x  density<=9.3492%
Saved /storage/scratch1/7/wahrens6/SparseArrayProgrammingSuite/.saps/outputs/fill-in/run_13794825/SNAP/com-Youtube.json
---------------------------------------
Begin Slurm Epilog: Oct-01-2026 17:26:49
Job ID:        13794854
Array Job ID:  13794825_28
User ID:       wahrens6
Account:       gts-wahrens6
Job name:      saps-fill-in
Resources:     cpu=1,mem=16G,node=1
Rsrc Used:     cput=00:00:08,vmem=0,walltime=00:00:08,mem=157132K,energy_used=0
Partition:     cpu-medium
QOS:           inferno
Nodes:         atl1-1-01-003-21-2
---------------------------------------
