---------------------------------------
Begin Slurm Prolog: Oct-01-2026 17:26:42
Job ID:    13794872
User ID:   wahrens6
Account:   gts-wahrens6
Job name:  saps-fill-in
Partition: cpu-medium
QOS:       inferno
---------------------------------------
  SNAP/roadNet-PA: max_degree=9 squarings=3 (1.3s)
Fewest squarings whose density bound reaches 1%:
  SNAP/roadNet-PA      3  max_degree=9  growth<=2.84e+05x  density<=99.7408%
Saved /storage/scratch1/7/wahrens6/SparseArrayProgrammingSuite/.saps/outputs/fill-in/run_13794825/SNAP/roadNet-PA.json
---------------------------------------
Begin Slurm Epilog: Oct-01-2026 17:26:49
Job ID:        13794872
Array Job ID:  13794825_46
User ID:       wahrens6
Account:       gts-wahrens6
Job name:      saps-fill-in
Resources:     cpu=1,mem=16G,node=1
Rsrc Used:     cput=00:00:08,vmem=0,walltime=00:00:08,mem=117916K,energy_used=0
Partition:     cpu-medium
QOS:           inferno
Nodes:         atl1-1-01-003-32-1
---------------------------------------
