---------------------------------------
Begin Slurm Prolog: Oct-01-2026 17:26:42
Job ID:    13794834
User ID:   wahrens6
Account:   gts-wahrens6
Job name:  saps-fill-in
Partition: cpu-medium
QOS:       inferno
---------------------------------------
  SNAP/amazon0302: max_degree=5 squarings=3 (0.1s)
Fewest squarings whose density bound reaches 1%:
  SNAP/amazon0302      3  max_degree=5  growth<=4.44e+04x  density<=96.8075%
Saved /storage/scratch1/7/wahrens6/SparseArrayProgrammingSuite/.saps/outputs/fill-in/run_13794825/SNAP/amazon0302.json
---------------------------------------
Begin Slurm Epilog: Oct-01-2026 17:26:48
Job ID:        13794834
Array Job ID:  13794825_8
User ID:       wahrens6
Account:       gts-wahrens6
Job name:      saps-fill-in
Resources:     cpu=1,mem=16G,node=1
Rsrc Used:     cput=00:00:07,vmem=0,walltime=00:00:07,mem=110816K,energy_used=0
Partition:     cpu-medium
QOS:           inferno
Nodes:         atl1-1-01-003-5-2
---------------------------------------
