---------------------------------------
Begin Slurm Prolog: Oct-01-2026 17:26:42
Job ID:    13794839
User ID:   wahrens6
Account:   gts-wahrens6
Job name:  saps-fill-in
Partition: cpu-medium
QOS:       inferno
---------------------------------------
  SNAP/as-Skitter: max_degree=35455 squarings=1 (11.7s)
Fewest squarings whose density bound reaches 1%:
  SNAP/as-Skitter      1  max_degree=35455  growth<=2.21e+04x  density<=18.3663%
Saved /storage/scratch1/7/wahrens6/SparseArrayProgrammingSuite/.saps/outputs/fill-in/run_13794825/SNAP/as-Skitter.json
---------------------------------------
Begin Slurm Epilog: Oct-01-2026 17:26:59
Job ID:        13794839
Array Job ID:  13794825_13
User ID:       wahrens6
Account:       gts-wahrens6
Job name:      saps-fill-in
Resources:     cpu=1,mem=16G,node=1
Rsrc Used:     cput=00:00:18,vmem=0,walltime=00:00:18,mem=327668K,energy_used=0
Partition:     cpu-medium
QOS:           inferno
Nodes:         atl1-1-01-003-8-1
---------------------------------------
