---------------------------------------
Begin Slurm Prolog: Oct-01-2026 17:26:42
Job ID:    13794850
User ID:   wahrens6
Account:   gts-wahrens6
Job name:  saps-fill-in
Partition: cpu-medium
QOS:       inferno
---------------------------------------
  SNAP/com-DBLP: max_degree=343 squarings=2 (1.1s)
Fewest squarings whose density bound reaches 1%:
  SNAP/com-DBLP      2  max_degree=343  growth<=4.16e+04x  density<=100.0000%
Saved /storage/scratch1/7/wahrens6/SparseArrayProgrammingSuite/.saps/outputs/fill-in/run_13794825/SNAP/com-DBLP.json
---------------------------------------
Begin Slurm Epilog: Oct-01-2026 17:26:48
Job ID:        13794850
Array Job ID:  13794825_24
User ID:       wahrens6
Account:       gts-wahrens6
Job name:      saps-fill-in
Resources:     cpu=1,mem=16G,node=1
Rsrc Used:     cput=00:00:07,vmem=0,walltime=00:00:07,mem=102216K,energy_used=0
Partition:     cpu-medium
QOS:           inferno
Nodes:         atl1-1-01-003-17-1
---------------------------------------
