---------------------------------------
Begin Slurm Prolog: Oct-01-2026 17:26:42
Job ID:    13794894
User ID:   wahrens6
Account:   gts-wahrens6
Job name:  saps-fill-in
Partition: cpu-medium
QOS:       inferno
---------------------------------------
  SNAP/wiki-RfA: max_degree=1101 squarings=1 (0.1s)
Fewest squarings whose density bound reaches 1%:
  SNAP/wiki-RfA      1  max_degree=1101  growth<=272x  density<=41.9055%
Saved /storage/scratch1/7/wahrens6/SparseArrayProgrammingSuite/.saps/outputs/fill-in/run_13794825/SNAP/wiki-RfA.json
---------------------------------------
Begin Slurm Epilog: Oct-01-2026 17:26:48
Job ID:        13794894
Array Job ID:  13794825_68
User ID:       wahrens6
Account:       gts-wahrens6
Job name:      saps-fill-in
Resources:     cpu=1,mem=16G,node=1
Rsrc Used:     cput=00:00:07,vmem=0,walltime=00:00:07,mem=83276K,energy_used=0
Partition:     cpu-medium
QOS:           inferno
Nodes:         atl1-1-01-004-4-2
---------------------------------------
