---------------------------------------
Begin Slurm Prolog: Oct-01-2026 17:26:42
Job ID:    13794892
User ID:   wahrens6
Account:   gts-wahrens6
Job name:  saps-fill-in
Partition: cpu-medium
QOS:       inferno
---------------------------------------
  SNAP/web-NotreDame: max_degree=3444 squarings=1 (0.1s)
Fewest squarings whose density bound reaches 1%:
  SNAP/web-NotreDame      1  max_degree=3444  growth<=2.47e+03x  density<=4.1791%
Saved /storage/scratch1/7/wahrens6/SparseArrayProgrammingSuite/.saps/outputs/fill-in/run_13794825/SNAP/web-NotreDame.json
---------------------------------------
Begin Slurm Epilog: Oct-01-2026 17:26:50
Job ID:        13794892
Array Job ID:  13794825_66
User ID:       wahrens6
Account:       gts-wahrens6
Job name:      saps-fill-in
Resources:     cpu=1,mem=16G,node=1
Rsrc Used:     cput=00:00:09,vmem=0,walltime=00:00:09,mem=92996K,energy_used=0
Partition:     cpu-medium
QOS:           inferno
Nodes:         atl1-1-01-004-1-1
---------------------------------------
