---------------------------------------
Begin Slurm Prolog: Oct-01-2026 17:26:42
Job ID:    13794830
User ID:   wahrens6
Account:   gts-wahrens6
Job name:  saps-fill-in
Partition: cpu-medium
QOS:       inferno
---------------------------------------
  GAP/GAP-web: max_degree=12869 squarings=2 (103.7s)
Fewest squarings whose density bound reaches 1%:
  GAP/GAP-web      2  max_degree=12869  growth<=1.11e+06x  density<=85.7086%
Saved /storage/scratch1/7/wahrens6/SparseArrayProgrammingSuite/.saps/outputs/fill-in/run_13794825/GAP/GAP-web.json
---------------------------------------
Begin Slurm Epilog: Oct-01-2026 17:28:31
Job ID:        13794830
Array Job ID:  13794825_4
User ID:       wahrens6
Account:       gts-wahrens6
Job name:      saps-fill-in
Resources:     cpu=1,mem=16G,node=1
Rsrc Used:     cput=00:01:50,vmem=0,walltime=00:01:50,mem=3205068K,energy_used=0
Partition:     cpu-medium
QOS:           inferno
Nodes:         atl1-1-01-003-2-2
---------------------------------------
