---------------------------------------
Begin Slurm Prolog: Oct-01-2026 17:26:42
Job ID:    13794837
User ID:   wahrens6
Account:   gts-wahrens6
Job name:  saps-fill-in
Partition: cpu-medium
QOS:       inferno
---------------------------------------
  SNAP/amazon0601: max_degree=10 squarings=2 (1.2s)
Fewest squarings whose density bound reaches 1%:
  SNAP/amazon0601      2  max_degree=10  growth<=993x  density<=2.3130%
Saved /storage/scratch1/7/wahrens6/SparseArrayProgrammingSuite/.saps/outputs/fill-in/run_13794825/SNAP/amazon0601.json
---------------------------------------
Begin Slurm Epilog: Oct-01-2026 17:26:48
Job ID:        13794837
Array Job ID:  13794825_11
User ID:       wahrens6
Account:       gts-wahrens6
Job name:      saps-fill-in
Resources:     cpu=1,mem=16G,node=1
Rsrc Used:     cput=00:00:07,vmem=0,walltime=00:00:07,mem=118680K,energy_used=0
Partition:     cpu-medium
QOS:           inferno
Nodes:         atl1-1-01-003-8-1
---------------------------------------
