---------------------------------------
Begin Slurm Prolog: Oct-01-2026 17:26:42
Job ID:    13794827
User ID:   wahrens6
Account:   gts-wahrens6
Job name:  saps-fill-in
Partition: cpu-medium
QOS:       inferno
---------------------------------------
  GAP/GAP-road: max_degree=9 squarings=3 (5.9s)
Fewest squarings whose density bound reaches 1%:
  GAP/GAP-road      3  max_degree=9  growth<=3.8e+06x  density<=54.1286%
Saved /storage/scratch1/7/wahrens6/SparseArrayProgrammingSuite/.saps/outputs/fill-in/run_13794825/GAP/GAP-road.json
---------------------------------------
Begin Slurm Epilog: Oct-01-2026 17:26:52
Job ID:        13794827
Array Job ID:  13794825_1
User ID:       wahrens6
Account:       gts-wahrens6
Job name:      saps-fill-in
Resources:     cpu=1,mem=16G,node=1
Rsrc Used:     cput=00:00:11,vmem=0,walltime=00:00:11,mem=754332K,energy_used=0
Partition:     cpu-medium
QOS:           inferno
Nodes:         atl1-1-01-003-2-1
---------------------------------------
