---------------------------------------
Begin Slurm Prolog: Oct-01-2026 17:26:42
Job ID:    13794889
User ID:   wahrens6
Account:   gts-wahrens6
Job name:  saps-fill-in
Partition: cpu-medium
QOS:       inferno
---------------------------------------
  SNAP/twitter7: max_degree=2997469 squarings=1 (106.7s)
Fewest squarings whose density bound reaches 1%:
  SNAP/twitter7      1  max_degree=2997469  growth<=6.29e+05x  density<=54.7839%
Saved /storage/scratch1/7/wahrens6/SparseArrayProgrammingSuite/.saps/outputs/fill-in/run_13794825/SNAP/twitter7.json
---------------------------------------
Begin Slurm Epilog: Oct-01-2026 17:28:34
Job ID:        13794889
Array Job ID:  13794825_63
User ID:       wahrens6
Account:       gts-wahrens6
Job name:      saps-fill-in
Resources:     cpu=1,mem=16G,node=1
Rsrc Used:     cput=00:01:53,vmem=0,walltime=00:01:53,mem=4549272K,energy_used=0
Partition:     cpu-medium
QOS:           inferno
Nodes:         atl1-1-01-003-32-2
---------------------------------------
