---------------------------------------
Begin Slurm Prolog: Oct-01-2026 17:26:42
Job ID:    13794838
User ID:   wahrens6
Account:   gts-wahrens6
Job name:  saps-fill-in
Partition: cpu-medium
QOS:       inferno
---------------------------------------
  SNAP/as-735: max_degree=1458 squarings=1 (0.0s)
Fewest squarings whose density bound reaches 1%:
  SNAP/as-735      1  max_degree=1458  growth<=619x  density<=34.1897%
Saved /storage/scratch1/7/wahrens6/SparseArrayProgrammingSuite/.saps/outputs/fill-in/run_13794825/SNAP/as-735.json
---------------------------------------
Begin Slurm Epilog: Oct-01-2026 17:26:47
Job ID:        13794838
Array Job ID:  13794825_12
User ID:       wahrens6
Account:       gts-wahrens6
Job name:      saps-fill-in
Resources:     cpu=1,mem=16G,node=1
Rsrc Used:     cput=00:00:06,vmem=0,walltime=00:00:06,mem=70544K,energy_used=0
Partition:     cpu-medium
QOS:           inferno
Nodes:         atl1-1-01-003-8-1
---------------------------------------
