---------------------------------------
Begin Slurm Prolog: Oct-01-2026 17:26:42
Job ID:    13794828
User ID:   wahrens6
Account:   gts-wahrens6
Job name:  saps-fill-in
Partition: cpu-medium
QOS:       inferno
---------------------------------------
  GAP/GAP-twitter: max_degree=2997469 squarings=1 (138.9s)
Fewest squarings whose density bound reaches 1%:
  GAP/GAP-twitter      1  max_degree=2997469  growth<=7.31e+05x  density<=29.5137%
Saved /storage/scratch1/7/wahrens6/SparseArrayProgrammingSuite/.saps/outputs/fill-in/run_13794825/GAP/GAP-twitter.json
---------------------------------------
Begin Slurm Epilog: Oct-01-2026 17:29:05
Job ID:        13794828
Array Job ID:  13794825_2
User ID:       wahrens6
Account:       gts-wahrens6
Job name:      saps-fill-in
Resources:     cpu=1,mem=16G,node=1
Rsrc Used:     cput=00:02:24,vmem=0,walltime=00:02:24,mem=5079024K,energy_used=0
Partition:     cpu-medium
QOS:           inferno
Nodes:         atl1-1-01-003-2-1
---------------------------------------
