---------------------------------------
Begin Slurm Prolog: Oct-01-2026 17:26:42
Job ID:    13794848
User ID:   wahrens6
Account:   gts-wahrens6
Job name:  saps-fill-in
Partition: cpu-medium
QOS:       inferno
---------------------------------------
  SNAP/cit-Patents: max_degree=770 squarings=2 (3.1s)
Fewest squarings whose density bound reaches 1%:
  SNAP/cit-Patents      2  max_degree=770  growth<=3.89e+05x  density<=55.3503%
Saved /storage/scratch1/7/wahrens6/SparseArrayProgrammingSuite/.saps/outputs/fill-in/run_13794825/SNAP/cit-Patents.json
---------------------------------------
Begin Slurm Epilog: Oct-01-2026 17:26:51
Job ID:        13794848
Array Job ID:  13794825_22
User ID:       wahrens6
Account:       gts-wahrens6
Job name:      saps-fill-in
Resources:     cpu=1,mem=16G,node=1
Rsrc Used:     cput=00:00:10,vmem=0,walltime=00:00:10,mem=278188K,energy_used=0
Partition:     cpu-medium
QOS:           inferno
Nodes:         atl1-1-01-003-17-1
---------------------------------------
