---------------------------------------
Begin Slurm Prolog: Oct-01-2026 17:26:42
Job ID:    13794896
User ID:   wahrens6
Account:   gts-wahrens6
Job name:  saps-fill-in
Partition: cpu-medium
QOS:       inferno
---------------------------------------
  SNAP/wiki-Vote: max_degree=893 squarings=1 (0.1s)
Fewest squarings whose density bound reaches 1%:
  SNAP/wiki-Vote      1  max_degree=893  growth<=209x  density<=34.0121%
Saved /storage/scratch1/7/wahrens6/SparseArrayProgrammingSuite/.saps/outputs/fill-in/run_13794825/SNAP/wiki-Vote.json
---------------------------------------
Begin Slurm Epilog: Oct-01-2026 17:26:48
Job ID:        13794896
Array Job ID:  13794825_70
User ID:       wahrens6
Account:       gts-wahrens6
Job name:      saps-fill-in
Resources:     cpu=1,mem=16G,node=1
Rsrc Used:     cput=00:00:07,vmem=0,walltime=00:00:07,mem=71632K,energy_used=0
Partition:     cpu-medium
QOS:           inferno
Nodes:         atl1-1-01-004-5-1
---------------------------------------
