---------------------------------------
Begin Slurm Prolog: Oct-01-2026 17:26:42
Job ID:    13794851
User ID:   wahrens6
Account:   gts-wahrens6
Job name:  saps-fill-in
Partition: cpu-medium
QOS:       inferno
---------------------------------------
  SNAP/com-Friendster: max_degree=5214 squarings=2 (193.2s)
Fewest squarings whose density bound reaches 1%:
  SNAP/com-Friendster      2  max_degree=5214  growth<=1.17e+06x  density<=100.0000%
Saved /storage/scratch1/7/wahrens6/SparseArrayProgrammingSuite/.saps/outputs/fill-in/run_13794825/SNAP/com-Friendster.json
---------------------------------------
Begin Slurm Epilog: Oct-01-2026 17:30:02
Job ID:        13794851
Array Job ID:  13794825_25
User ID:       wahrens6
Account:       gts-wahrens6
Job name:      saps-fill-in
Resources:     cpu=1,mem=16G,node=1
Rsrc Used:     cput=00:03:21,vmem=0,walltime=00:03:21,mem=8575172K,energy_used=0
Partition:     cpu-medium
QOS:           inferno
Nodes:         atl1-1-01-003-20-2
---------------------------------------
