---------------------------------------
Begin Slurm Prolog: Oct-01-2026 17:26:42
Job ID:    13794885
User ID:   wahrens6
Account:   gts-wahrens6
Job name:  saps-fill-in
Partition: cpu-medium
QOS:       inferno
---------------------------------------
  SNAP/sx-askubuntu: max_degree=4965 squarings=1 (0.1s)
Fewest squarings whose density bound reaches 1%:
  SNAP/sx-askubuntu      1  max_degree=4965  growth<=2.05e+03x  density<=5.6827%
Saved /storage/scratch1/7/wahrens6/SparseArrayProgrammingSuite/.saps/outputs/fill-in/run_13794825/SNAP/sx-askubuntu.json
---------------------------------------
Begin Slurm Epilog: Oct-01-2026 17:26:47
Job ID:        13794885
Array Job ID:  13794825_59
User ID:       wahrens6
Account:       gts-wahrens6
Job name:      saps-fill-in
Resources:     cpu=1,mem=16G,node=1
Rsrc Used:     cput=00:00:06,vmem=0,walltime=00:00:06,mem=58488K,energy_used=0
Partition:     cpu-medium
QOS:           inferno
Nodes:         atl1-1-01-003-32-2
---------------------------------------
