---------------------------------------
Begin Slurm Prolog: Oct-01-2026 17:26:42
Job ID:    13794873
User ID:   wahrens6
Account:   gts-wahrens6
Job name:  saps-fill-in
Partition: cpu-medium
QOS:       inferno
---------------------------------------
  SNAP/roadNet-TX: max_degree=12 squarings=3 (1.0s)
Fewest squarings whose density bound reaches 1%:
  SNAP/roadNet-TX      3  max_degree=12  growth<=3.67e+05x  density<=99.0336%
Saved /storage/scratch1/7/wahrens6/SparseArrayProgrammingSuite/.saps/outputs/fill-in/run_13794825/SNAP/roadNet-TX.json
---------------------------------------
Begin Slurm Epilog: Oct-01-2026 17:26:48
Job ID:        13794873
Array Job ID:  13794825_47
User ID:       wahrens6
Account:       gts-wahrens6
Job name:      saps-fill-in
Resources:     cpu=1,mem=16G,node=1
Rsrc Used:     cput=00:00:07,vmem=0,walltime=00:00:07,mem=132400K,energy_used=0
Partition:     cpu-medium
QOS:           inferno
Nodes:         atl1-1-01-003-32-1
---------------------------------------
