---------------------------------------
Begin Slurm Prolog: Oct-01-2026 17:26:42
Job ID:    13794847
User ID:   wahrens6
Account:   gts-wahrens6
Job name:  saps-fill-in
Partition: cpu-medium
QOS:       inferno
---------------------------------------
  SNAP/cit-HepTh: max_degree=562 squarings=1 (0.1s)
Fewest squarings whose density bound reaches 1%:
  SNAP/cit-HepTh      1  max_degree=562  growth<=497x  density<=24.5283%
Saved /storage/scratch1/7/wahrens6/SparseArrayProgrammingSuite/.saps/outputs/fill-in/run_13794825/SNAP/cit-HepTh.json
---------------------------------------
Begin Slurm Epilog: Oct-01-2026 17:26:48
Job ID:        13794847
Array Job ID:  13794825_21
User ID:       wahrens6
Account:       gts-wahrens6
Job name:      saps-fill-in
Resources:     cpu=1,mem=16G,node=1
Rsrc Used:     cput=00:00:07,vmem=0,walltime=00:00:07,mem=81828K,energy_used=0
Partition:     cpu-medium
QOS:           inferno
Nodes:         atl1-1-01-003-16-1
---------------------------------------
