---------------------------------------
Begin Slurm Prolog: Oct-01-2026 17:26:42
Job ID:    13794877
User ID:   wahrens6
Account:   gts-wahrens6
Job name:  saps-fill-in
Partition: cpu-medium
QOS:       inferno
---------------------------------------
  SNAP/soc-Slashdot0811: max_degree=2507 squarings=1 (0.7s)
Fewest squarings whose density bound reaches 1%:
  SNAP/soc-Slashdot0811      1  max_degree=2507  growth<=1.31e+03x  density<=19.8094%
Saved /storage/scratch1/7/wahrens6/SparseArrayProgrammingSuite/.saps/outputs/fill-in/run_13794825/SNAP/soc-Slashdot0811.json
---------------------------------------
Begin Slurm Epilog: Oct-01-2026 17:26:48
Job ID:        13794877
Array Job ID:  13794825_51
User ID:       wahrens6
Account:       gts-wahrens6
Job name:      saps-fill-in
Resources:     cpu=1,mem=16G,node=1
Rsrc Used:     cput=00:00:07,vmem=0,walltime=00:00:07,mem=60288K,energy_used=0
Partition:     cpu-medium
QOS:           inferno
Nodes:         atl1-1-01-003-32-2
---------------------------------------
