---------------------------------------
Begin Slurm Prolog: Sep-24-2026 23:38:04
Job ID:    13553733
User ID:   wahrens6
Account:   gts-wahrens6
Job name:  metadata-finalize
Partition: cpu-small
QOS:       inferno
---------------------------------------
merged 8 statistics files into /storage/scratch1/7/wahrens6/SparseArrayProgrammingSuite/statistics.json
/storage/home/hcoda1/7/wahrens6/.cache/pypoetry/virtualenvs/saps-RkeCTkZF-py3.12/lib/python3.12/site-packages/outdated/__init__.py:36: UserWarning: pkg_resources is deprecated as an API. See https://setuptools.pypa.io/en/latest/pkg_resources.html. The pkg_resources package is slated for removal as early as 2025-11-30. Refrain from using this package or pin to Setuptools<81.
  from pkg_resources import parse_version
generated metadata for 57 benchmarks
---------------------------------------
Begin Slurm Epilog: Sep-24-2026 23:38:46
Job ID:        13553733
User ID:       wahrens6
Account:       gts-wahrens6
Job name:      metadata-finalize
Resources:     cpu=1,mem=4G,node=1
Rsrc Used:     cput=00:00:46,vmem=0,walltime=00:00:46,mem=513216K,energy_used=0
Partition:     cpu-small
QOS:           inferno
Nodes:         atl1-1-02-002-23-2
---------------------------------------
