---------------------------------------
Begin Slurm Prolog: Sep-27-2026 23:01:04
Job ID:    13659836
User ID:   wahrens6
Account:   gts-wahrens6
Job name:  dataset-upload
Partition: cpu-medium
QOS:       inferno
---------------------------------------
INFO:root:Using SAPS config: {'environment_type': 'existing:same'}
· Using SAPS config: {'environment_type': 'existing:same'}INFO:root:Using SAPS outputs directory: /storage/scratch1/7/wahrens6/SparseArrayProgrammingSuite/.saps/outputs/chunk-6

· Using SAPS outputs directory: /storage/scratch1/7/wahrens6/SparseArrayProgrammingSuite/.saps/outputs/chunk-6INFO:root:Using SAPS dataset cache: /storage/scratch1/7/wahrens6/SparseArrayProgrammingSuite/.saps/outputs/cache

· Using SAPS dataset cache: /storage/scratch1/7/wahrens6/SparseArrayProgrammingSuite/.saps/outputs/cacheINFO:root:Using SAPS machine files directory: /storage/scratch1/7/wahrens6/SparseArrayProgrammingSuite/.saps/machine_files/chunk-6

· Using SAPS machine files directory: /storage/scratch1/7/wahrens6/SparseArrayProgrammingSuite/.saps/machine_files/chunk-6INFO:root:Discovering benchmarks

· Discovering benchmarksDiscovered 0 benchmark entries for caching
Using timeout: 5000 seconds
cache summary: selected=0 failed_benchmark_entries=0
---------------------------------------
Begin Slurm Epilog: Sep-27-2026 23:01:41
Job ID:        13659836
Array Job ID:  13659771_6
User ID:       wahrens6
Account:       gts-wahrens6
Job name:      dataset-upload
Resources:     cpu=24,mem=350G,node=1
Rsrc Used:     cput=00:16:24,vmem=0,walltime=00:00:41,mem=431008K,energy_used=0
Partition:     cpu-medium
QOS:           inferno
Nodes:         atl1-1-03-003-35-1
---------------------------------------
