---------------------------------------
Begin Slurm Prolog: Sep-23-2026 13:28:03
Job ID:    13490262
User ID:   wahrens6
Account:   gts-wahrens6
Job name:  dataset-upload
Partition: cpu-medium
QOS:       inferno
---------------------------------------
INFO:root:Using SAPS config: {'environment_type': 'existing:same'}
· Using SAPS config: {'environment_type': 'existing:same'}INFO:root:Using SAPS outputs directory: /storage/scratch1/7/wahrens6/SparseArrayProgrammingSuite/.saps/outputs

· Using SAPS outputs directory: /storage/scratch1/7/wahrens6/SparseArrayProgrammingSuite/.saps/outputsINFO:root:Using SAPS dataset cache: /storage/scratch1/7/wahrens6/SparseArrayProgrammingSuite/.saps/outputs/cache

· Using SAPS dataset cache: /storage/scratch1/7/wahrens6/SparseArrayProgrammingSuite/.saps/outputs/cacheINFO:root:Using SAPS machine files directory: /storage/scratch1/7/wahrens6/SparseArrayProgrammingSuite/.saps/machine_files

· Using SAPS machine files directory: /storage/scratch1/7/wahrens6/SparseArrayProgrammingSuite/.saps/machine_filesINFO:root:Discovering benchmarks

· Discovering benchmarksINFO:root:Benchmarking existing-py_storage_home_hcoda1_7_wahrens6_.cache_pypoetry_virtualenvs_saps-RkeCTkZF-py3.12_bin_python3
Discovered 6 benchmark entries for caching
Using timeout: 5000 seconds

· Benchmarking existing-py_storage_home_hcoda1_7_wahrens6_.cache_pypoetry_virtualenvs_saps-RkeCTkZF-py3.12_bin_python3INFO:root:...iseBenchmark.time_elementwise_multiplication

·· ...iseBenchmark.time_elementwise_multiplication                 okINFO:root:============================================================= =====
                           dataset                                 
------------------------------------------------------------- -----
              dense_elementwise_generator.small                n/a 
              dense_elementwise_generator.medium               n/a 
              dense_elementwise_generator.large                n/a 
 suitesparse_elementwise_generator.email-Eu-core-overlap-100   n/a 
  suitesparse_elementwise_generator.email-Eu-core-overlap-75   n/a 
  suitesparse_elementwise_generator.email-Eu-core-overlap-50   n/a 
  suitesparse_elementwise_generator.email-Eu-core-overlap-25   n/a 
    suitesparse_elementwise_generator.ca-GrQc-overlap-100      n/a 
     suitesparse_elementwise_generator.ca-GrQc-overlap-75      n/a 
     suitesparse_elementwise_generator.ca-GrQc-overlap-50      n/a 
     suitesparse_elementwise_generator.ca-GrQc-overlap-25      n/a 
   suitesparse_elementwise_generator.wiki-Vote-overlap-100     n/a 
    suitesparse_elementwise_generator.wiki-Vote-overlap-75     n/a 
    suitesparse_elementwise_generator.wiki-Vote-overlap-50     n/a 
    suitesparse_elementwise_generator.wiki-Vote-overlap-25     n/a 
   uniform_random_elementwise_generator.uniform-overlap-100    n/a 
   uniform_random_elementwise_generator.uniform-overlap-75     n/a 
   uniform_random_elementwise_generator.uniform-overlap-50     n/a 
   uniform_random_elementwise_generator.uniform-overlap-25     n/a 
============================================================= =====

·· ============================================================= =====
                              dataset                                 
   ------------------------------------------------------------- -----
                 dense_elementwise_generator.small                n/a 
                 dense_elementwise_generator.medium               n/a 
                 dense_elementwise_generator.large                n/a 
    suitesparse_elementwise_generator.email-Eu-core-overlap-100   n/a 
     suitesparse_elementwise_generator.email-Eu-core-overlap-75   n/a 
     suitesparse_elementwise_generator.email-Eu-core-overlap-50   n/a 
     suitesparse_elementwise_generator.email-Eu-core-overlap-25   n/a 
       suitesparse_elementwise_generator.ca-GrQc-overlap-100      n/a 
        suitesparse_elementwise_generator.ca-GrQc-overlap-75      n/a 
        suitesparse_elementwise_generator.ca-GrQc-overlap-50      n/a 
        suitesparse_elementwise_generator.ca-GrQc-overlap-25      n/a 
      suitesparse_elementwise_generator.wiki-Vote-overlap-100     n/a 
       suitesparse_elementwise_generator.wiki-Vote-overlap-75     n/a 
       suitesparse_elementwise_generator.wiki-Vote-overlap-50     n/a 
       suitesparse_elementwise_generator.wiki-Vote-overlap-25     n/a 
      uniform_random_elementwise_generator.uniform-overlap-100    n/a 
      uniform_random_elementwise_generator.uniform-overlap-75     n/a 
      uniform_random_elementwise_generator.uniform-overlap-50     n/a 
      uniform_random_elementwise_generator.uniform-overlap-25     n/a 
   ============================================================= =====
INFO:root:...licationBenchmark.time_matrix_multiplication

·· ...licationBenchmark.time_matrix_multiplication                 okINFO:root:=============================================== =====
                    dataset                          
----------------------------------------------- -----
          dense_matmul_generator.small           n/a 
         dense_matmul_generator.medium           n/a 
          dense_matmul_generator.large           n/a 
       suitesparse_matmul_generator.email        n/a 
   suitesparse_matmul_generator.email-Eu-core    n/a 
      suitesparse_matmul_generator.ca-GrQc       n/a 
     suitesparse_matmul_generator.bcsstk09       n/a 
    suitesparse_matmul_generator.Chebyshev3      n/a 
    suitesparse_matmul_generator.CollegeMsg      n/a 
     suitesparse_matmul_generator.wiki-Vote      n/a 
     suitesparse_matmul_generator.ca-HepPh       n/a 
        suitesparse_matmul_generator.Muu         n/a 
        suitesparse_matmul_generator.fv2         n/a 
     suitesparse_matmul_generator.Dubcova1       n/a 
 uniform_random_matmul_generator.uniform-1e-05   n/a 
 uniform_random_matmul_generator.uniform-1e-04   n/a 
 uniform_random_matmul_generator.uniform-1e-03   n/a 
 uniform_random_matmul_generator.uniform-1e-02   n/a 
 uniform_random_matmul_generator.uniform-1e-01   n/a 
=============================================== =====

·· =============================================== =====
                       dataset                          
   ----------------------------------------------- -----
             dense_matmul_generator.small           n/a 
            dense_matmul_generator.medium           n/a 
             dense_matmul_generator.large           n/a 
          suitesparse_matmul_generator.email        n/a 
      suitesparse_matmul_generator.email-Eu-core    n/a 
         suitesparse_matmul_generator.ca-GrQc       n/a 
        suitesparse_matmul_generator.bcsstk09       n/a 
       suitesparse_matmul_generator.Chebyshev3      n/a 
       suitesparse_matmul_generator.CollegeMsg      n/a 
        suitesparse_matmul_generator.wiki-Vote      n/a 
        suitesparse_matmul_generator.ca-HepPh       n/a 
           suitesparse_matmul_generator.Muu         n/a 
           suitesparse_matmul_generator.fv2         n/a 
        suitesparse_matmul_generator.Dubcova1       n/a 
    uniform_random_matmul_generator.uniform-1e-05   n/a 
    uniform_random_matmul_generator.uniform-1e-04   n/a 
    uniform_random_matmul_generator.uniform-1e-03   n/a 
    uniform_random_matmul_generator.uniform-1e-02   n/a 
    uniform_random_matmul_generator.uniform-1e-01   n/a 
   =============================================== =====
INFO:root:sddmm.SDDMMBenchmark.time_sddmm

·· sddmm.SDDMMBenchmark.time_sddmm                                 okINFO:root:==================================================== =====
                      dataset                             
---------------------------------------------------- -----
   suitesparse_sddmm_generator.email-Eu-core-128      n/a 
       suitesparse_sddmm_generator.email-128          n/a 
      suitesparse_sddmm_generator.ca-GrQc-128         n/a 
     suitesparse_sddmm_generator.wiki-Vote-128        n/a 
      suitesparse_sddmm_generator.ca-HepPh-128        n/a 
 uniform_random_sddmm_generator.uniform-21-per-row    n/a 
 uniform_random_sddmm_generator.uniform-43-per-row    n/a 
 uniform_random_sddmm_generator.uniform-65-per-row    n/a 
 uniform_random_sddmm_generator.uniform-85-per-row    n/a 
 uniform_random_sddmm_generator.uniform-107-per-row   n/a 
 uniform_random_sddmm_generator.uniform-128-per-row   n/a 
 uniform_random_sddmm_generator.uniform-149-per-row   n/a 
==================================================== =====

·· ==================================================== =====
                         dataset                             
   ---------------------------------------------------- -----
      suitesparse_sddmm_generator.email-Eu-core-128      n/a 
          suitesparse_sddmm_generator.email-128          n/a 
         suitesparse_sddmm_generator.ca-GrQc-128         n/a 
        suitesparse_sddmm_generator.wiki-Vote-128        n/a 
         suitesparse_sddmm_generator.ca-HepPh-128        n/a 
    uniform_random_sddmm_generator.uniform-21-per-row    n/a 
    uniform_random_sddmm_generator.uniform-43-per-row    n/a 
    uniform_random_sddmm_generator.uniform-65-per-row    n/a 
    uniform_random_sddmm_generator.uniform-85-per-row    n/a 
    uniform_random_sddmm_generator.uniform-107-per-row   n/a 
    uniform_random_sddmm_generator.uniform-128-per-row   n/a 
    uniform_random_sddmm_generator.uniform-149-per-row   n/a 
   ==================================================== =====
INFO:root:...rBenchmark.time_matrix_vector_multiplication

·· ...rBenchmark.time_matrix_vector_multiplication                 okINFO:root:=============================================== =====
                    dataset                          
----------------------------------------------- -----
          dense_matvec_generator.small           n/a 
         dense_matvec_generator.medium           n/a 
          dense_matvec_generator.large           n/a 
       dense_matvec_generator.rectangular        n/a 
      suitesparse_matvec_generator.gemat11       n/a 
      suitesparse_matvec_generator.bayer02       n/a 
      suitesparse_matvec_generator.bayer10       n/a 
     suitesparse_matvec_generator.orani678       n/a 
      suitesparse_matvec_generator.rdist1        n/a 
      suitesparse_matvec_generator.memplus       n/a 
       suitesparse_matvec_generator.wang4        n/a 
      suitesparse_matvec_generator.coater2       n/a 
     suitesparse_matvec_generator.onetone2       n/a 
       suitesparse_matvec_generator.lhr10        n/a 
     suitesparse_matvec_generator.vibrobox       n/a 
      suitesparse_matvec_generator.goodwin       n/a 
        suitesparse_matvec_generator.pwt         n/a 
     suitesparse_matvec_generator.finan512       n/a 
     suitesparse_matvec_generator.crystk02       n/a 
        suitesparse_matvec_generator.rim         n/a 
       suitesparse_matvec_generator.olafu        n/a 
       suitesparse_matvec_generator.ex11         n/a 
     suitesparse_matvec_generator.raefsky4       n/a 
     suitesparse_matvec_generator.bcsstk35       n/a 
     suitesparse_matvec_generator.raefsky3       n/a 
     suitesparse_matvec_generator.venkat01       n/a 
     suitesparse_matvec_generator.crystk03       n/a 
     suitesparse_matvec_generator.ct20stif       n/a 
      suitesparse_matvec_generator.nasasrb       n/a 
      suitesparse_matvec_generator.3dtube        n/a 
 uniform_random_matvec_generator.uniform-1e-05   n/a 
 uniform_random_matvec_generator.uniform-1e-04   n/a 
 uniform_random_matvec_generator.uniform-1e-03   n/a 
 uniform_random_matvec_generator.uniform-1e-02   n/a 
 uniform_random_matvec_generator.uniform-1e-01   n/a 
=============================================== =====

·· =============================================== =====
                       dataset                          
   ----------------------------------------------- -----
             dense_matvec_generator.small           n/a 
            dense_matvec_generator.medium           n/a 
             dense_matvec_generator.large           n/a 
          dense_matvec_generator.rectangular        n/a 
         suitesparse_matvec_generator.gemat11       n/a 
         suitesparse_matvec_generator.bayer02       n/a 
         suitesparse_matvec_generator.bayer10       n/a 
        suitesparse_matvec_generator.orani678       n/a 
         suitesparse_matvec_generator.rdist1        n/a 
         suitesparse_matvec_generator.memplus       n/a 
          suitesparse_matvec_generator.wang4        n/a 
         suitesparse_matvec_generator.coater2       n/a 
        suitesparse_matvec_generator.onetone2       n/a 
          suitesparse_matvec_generator.lhr10        n/a 
        suitesparse_matvec_generator.vibrobox       n/a 
         suitesparse_matvec_generator.goodwin       n/a 
           suitesparse_matvec_generator.pwt         n/a 
        suitesparse_matvec_generator.finan512       n/a 
        suitesparse_matvec_generator.crystk02       n/a 
           suitesparse_matvec_generator.rim         n/a 
          suitesparse_matvec_generator.olafu        n/a 
          suitesparse_matvec_generator.ex11         n/a 
        suitesparse_matvec_generator.raefsky4       n/a 
        suitesparse_matvec_generator.bcsstk35       n/a 
        suitesparse_matvec_generator.raefsky3       n/a 
        suitesparse_matvec_generator.venkat01       n/a 
        suitesparse_matvec_generator.crystk03       n/a 
        suitesparse_matvec_generator.ct20stif       n/a 
         suitesparse_matvec_generator.nasasrb       n/a 
         suitesparse_matvec_generator.3dtube        n/a 
    uniform_random_matvec_generator.uniform-1e-05   n/a 
    uniform_random_matvec_generator.uniform-1e-04   n/a 
    uniform_random_matvec_generator.uniform-1e-03   n/a 
    uniform_random_matvec_generator.uniform-1e-02   n/a 
    uniform_random_matvec_generator.uniform-1e-01   n/a 
   =============================================== =====
INFO:root:...atrixBenchmark.time_suitesparse_matrix_shell

·· ...atrixBenchmark.time_suitesparse_matrix_shell                 okINFO:root:================================================= =====
                     dataset                           
------------------------------------------------- -----
        suitesparse_matrix.Pothen/mesh3em5         n/a 
          suitesparse_matrix.HB/bcsstm02           n/a 
          suitesparse_matrix.Norris/fv1            n/a 
         suitesparse_matrix.MathWorks/Muu          n/a 
  suitesparse_matrix.JGD_Trefethen/Trefethen_200   n/a 
          suitesparse_matrix.Norris/fv2            n/a 
           suitesparse_matrix.HB/ash958            n/a 
          suitesparse_matrix.Bai/mhdb416           n/a 
           suitesparse_matrix.HB/lund_b            n/a 
          suitesparse_matrix.HB/bcsstm12           n/a 
        suitesparse_matrix.Pothen/mesh1em1         n/a 
          suitesparse_matrix.HB/bcsstk05           n/a 
            suitesparse_matrix.HB/nos1             n/a 
            suitesparse_matrix.HB/nos2             n/a 
            suitesparse_matrix.HB/nos3             n/a 
           suitesparse_matrix.HB/dwt_59            n/a 
          suitesparse_matrix.HB/bcspwr01           n/a 
          suitesparse_matrix.HB/bcspwr02           n/a 
          suitesparse_matrix.HB/bcspwr03           n/a 
      suitesparse_matrix.DIMACS10/chesapeake       n/a 
           suitesparse_matrix.HB/ash85             n/a 
           suitesparse_matrix.HB/arc130            n/a 
          suitesparse_matrix.HB/bcspwr04           n/a 
           suitesparse_matrix.HB/ash292            n/a 
         suitesparse_matrix.Newman/karate          n/a 
        suitesparse_matrix.Newman/dolphins         n/a 
         suitesparse_matrix.SNAP/ca-GrQc           n/a 
         suitesparse_matrix.Arenas/email           n/a 
       suitesparse_matrix.Muite/Chebyshev3         n/a 
         suitesparse_matrix.SNAP/ca-HepPh          n/a 
          suitesparse_matrix.HB/bcsstk01           n/a 
         suitesparse_matrix.GAP/GAP-road           n/a 
        suitesparse_matrix.GAP/GAP-twitter         n/a 
          suitesparse_matrix.GAP/GAP-web           n/a 
         suitesparse_matrix.GAP/GAP-kron           n/a 
         suitesparse_matrix.GAP/GAP-urand          n/a 
        suitesparse_matrix.ANSYS/Delor338K         n/a 
        suitesparse_matrix.Andrews/Andrews         n/a 
        suitesparse_matrix.Andrianov/ins2          n/a 
       suitesparse_matrix.Andrianov/net100         n/a 
       suitesparse_matrix.Andrianov/net125         n/a 
       suitesparse_matrix.Andrianov/net150         n/a 
        suitesparse_matrix.Andrianov/net25         n/a 
        suitesparse_matrix.Andrianov/net50         n/a 
        suitesparse_matrix.Andrianov/net75         n/a 
          suitesparse_matrix.Bai/bfwa62            n/a 
          suitesparse_matrix.Bai/bfwb398           n/a 
          suitesparse_matrix.Bai/bfwb62            n/a 
          suitesparse_matrix.Bai/bfwb782           n/a 
           suitesparse_matrix.Bai/cdde2            n/a 
           suitesparse_matrix.Bai/cdde4            n/a 
           suitesparse_matrix.Bai/cdde6            n/a 
           suitesparse_matrix.Bai/ck104            n/a 
          suitesparse_matrix.Bai/dw256B            n/a 
          suitesparse_matrix.Bai/dwb512            n/a 
         suitesparse_matrix.Bai/mhd3200b           n/a 
         suitesparse_matrix.Bai/mhd4800b           n/a 
         suitesparse_matrix.Bai/odepb400           n/a 
          suitesparse_matrix.Bai/pde225            n/a 
          suitesparse_matrix.Bai/pde900            n/a 
          suitesparse_matrix.Bai/rdb200            n/a 
          suitesparse_matrix.Bai/rdb200l           n/a 
         suitesparse_matrix.Bindel/ted_B           n/a 
     suitesparse_matrix.Bindel/ted_B_unscaled      n/a 
        suitesparse_matrix.Boeing/bcsstk34         n/a 
        suitesparse_matrix.Boeing/bcsstm39         n/a 
        suitesparse_matrix.Boeing/crystm01         n/a 
        suitesparse_matrix.Boeing/crystm02         n/a 
        suitesparse_matrix.Boeing/crystm03         n/a 
        suitesparse_matrix.Boeing/msc00726         n/a 
   suitesparse_matrix.Botonakis/FEM_3D_thermal1    n/a 
   suitesparse_matrix.Botonakis/FEM_3D_thermal2    n/a 
    suitesparse_matrix.Botonakis/thermomech_TC     n/a 
    suitesparse_matrix.Botonakis/thermomech_dM     n/a 
      suitesparse_matrix.Brunetiere/thermal        n/a 
           suitesparse_matrix.CPM/cz148            n/a 
      suitesparse_matrix.Cunningham/m3plates       n/a 
       suitesparse_matrix.Cunningham/qa8fk         n/a 
       suitesparse_matrix.Cunningham/qa8fm         n/a 
        suitesparse_matrix.FEMLAB/problem1         n/a 
          suitesparse_matrix.FIDAP/ex29            n/a 
          suitesparse_matrix.FIDAP/ex37            n/a 
           suitesparse_matrix.FIDAP/ex5            n/a 
           suitesparse_matrix.FIDAP/ex7            n/a 
    suitesparse_matrix.Freescale/circuit5M_dc      n/a 
      suitesparse_matrix.GHS_indef/blockqp1        n/a 
        suitesparse_matrix.GHS_indef/laser         n/a 
       suitesparse_matrix.GHS_indef/qpband         n/a 
      suitesparse_matrix.GHS_psdef/jnlbrng1        n/a 
      suitesparse_matrix.GHS_psdef/minsurfo        n/a 
      suitesparse_matrix.GHS_psdef/obstclae        n/a 
      suitesparse_matrix.GHS_psdef/wathen100       n/a 
      suitesparse_matrix.GHS_psdef/wathen120       n/a 
          suitesparse_matrix.Grund/meg4            n/a 
          suitesparse_matrix.Grund/poli3           n/a 
          suitesparse_matrix.Grund/poli4           n/a 
       suitesparse_matrix.Grund/poli_large         n/a 
       suitesparse_matrix.Guettel/TEM27623         n/a 
           suitesparse_matrix.HB/ash219            n/a 
           suitesparse_matrix.HB/ash331            n/a 
           suitesparse_matrix.HB/ash608            n/a 
          suitesparse_matrix.HB/bcsstk02           n/a 
          suitesparse_matrix.HB/bcsstk03           n/a 
          suitesparse_matrix.HB/bcsstk04           n/a 
          suitesparse_matrix.HB/bcsstk08           n/a 
          suitesparse_matrix.HB/bcsstk20           n/a 
          suitesparse_matrix.HB/bcsstk22           n/a 
          suitesparse_matrix.HB/bcsstm01           n/a 
          suitesparse_matrix.HB/bcsstm03           n/a 
          suitesparse_matrix.HB/bcsstm04           n/a 
          suitesparse_matrix.HB/bcsstm05           n/a 
          suitesparse_matrix.HB/bcsstm06           n/a 
          suitesparse_matrix.HB/bcsstm07           n/a 
          suitesparse_matrix.HB/bcsstm08           n/a 
          suitesparse_matrix.HB/bcsstm09           n/a 
          suitesparse_matrix.HB/bcsstm11           n/a 
          suitesparse_matrix.HB/bcsstm19           n/a 
          suitesparse_matrix.HB/bcsstm20           n/a 
          suitesparse_matrix.HB/bcsstm21           n/a 
          suitesparse_matrix.HB/bcsstm22           n/a 
          suitesparse_matrix.HB/bcsstm23           n/a 
          suitesparse_matrix.HB/bcsstm24           n/a 
          suitesparse_matrix.HB/bcsstm25           n/a 
          suitesparse_matrix.HB/bcsstm26           n/a 
          suitesparse_matrix.HB/can_144            n/a 
           suitesparse_matrix.HB/can_24            n/a 
           suitesparse_matrix.HB/can_61            n/a 
           suitesparse_matrix.HB/can_62            n/a 
           suitesparse_matrix.HB/can_73            n/a 
           suitesparse_matrix.HB/can_96            n/a 
          suitesparse_matrix.HB/curtis54           n/a 
           suitesparse_matrix.HB/dwt_66            n/a 
           suitesparse_matrix.HB/dwt_72            n/a 
          suitesparse_matrix.HB/fs_183_1           n/a 
          suitesparse_matrix.HB/fs_183_3           n/a 
          suitesparse_matrix.HB/fs_183_4           n/a 
          suitesparse_matrix.HB/fs_183_6           n/a 
          suitesparse_matrix.HB/fs_541_1           n/a 
          suitesparse_matrix.HB/fs_680_1           n/a 
          suitesparse_matrix.HB/fs_680_2           n/a 
          suitesparse_matrix.HB/fs_760_1           n/a 
          suitesparse_matrix.HB/fs_760_2           n/a 
          suitesparse_matrix.HB/fs_760_3           n/a 
          suitesparse_matrix.HB/gr_30_30           n/a 
          suitesparse_matrix.HB/jpwh_991           n/a 
           suitesparse_matrix.HB/lap_25            n/a 
           suitesparse_matrix.HB/lund_a            n/a 
            suitesparse_matrix.HB/nos4             n/a 
            suitesparse_matrix.HB/nos6             n/a 
            suitesparse_matrix.HB/nos7             n/a 
          suitesparse_matrix.HB/pores_1            n/a 
          suitesparse_matrix.HB/psmigr_3           n/a 
           suitesparse_matrix.HB/steam2            n/a 
           suitesparse_matrix.HB/steam3            n/a 
           suitesparse_matrix.HB/watt_1            n/a 
           suitesparse_matrix.HB/watt_2            n/a 
       suitesparse_matrix.Lourakis/bundle1         n/a 
            suitesparse_matrix.MKS/fp              n/a 
     suitesparse_matrix.MathWorks/tomography       n/a 
   suitesparse_matrix.MaxPlanck/shallow_water1     n/a 
   suitesparse_matrix.MaxPlanck/shallow_water2     n/a 
       suitesparse_matrix.Morandini/rotor1         n/a 
        suitesparse_matrix.Mulvey/finan512         n/a 
        suitesparse_matrix.Nemeth/nemeth02         n/a 
        suitesparse_matrix.Nemeth/nemeth03         n/a 
        suitesparse_matrix.Nemeth/nemeth04         n/a 
        suitesparse_matrix.Nemeth/nemeth05         n/a 
        suitesparse_matrix.Nemeth/nemeth06         n/a 
        suitesparse_matrix.Nemeth/nemeth07         n/a 
        suitesparse_matrix.Nemeth/nemeth08         n/a 
        suitesparse_matrix.Nemeth/nemeth09         n/a 
        suitesparse_matrix.Nemeth/nemeth10         n/a 
        suitesparse_matrix.Nemeth/nemeth11         n/a 
        suitesparse_matrix.Nemeth/nemeth12         n/a 
        suitesparse_matrix.Nemeth/nemeth13         n/a 
        suitesparse_matrix.Nemeth/nemeth16         n/a 
        suitesparse_matrix.Nemeth/nemeth17         n/a 
        suitesparse_matrix.Nemeth/nemeth18         n/a 
        suitesparse_matrix.Nemeth/nemeth19         n/a 
        suitesparse_matrix.Nemeth/nemeth20         n/a 
        suitesparse_matrix.Nemeth/nemeth21         n/a 
        suitesparse_matrix.Nemeth/nemeth22         n/a 
        suitesparse_matrix.Nemeth/nemeth23         n/a 
        suitesparse_matrix.Nemeth/nemeth24         n/a 
        suitesparse_matrix.Nemeth/nemeth25         n/a 
        suitesparse_matrix.Nemeth/nemeth26         n/a 
         suitesparse_matrix.Norris/torso2          n/a 
       suitesparse_matrix.Oberwolfach/LF10         n/a 
       suitesparse_matrix.Oberwolfach/LFAT5        n/a 
          suitesparse_matrix.PARSEC/Si2            n/a 
         suitesparse_matrix.Pothen/bodyy4          n/a 
        suitesparse_matrix.Pothen/mesh1e1          n/a 
        suitesparse_matrix.Pothen/mesh1em6         n/a 
        suitesparse_matrix.Pothen/mesh2e1          n/a 
        suitesparse_matrix.Pothen/mesh2em5         n/a 
        suitesparse_matrix.Pothen/mesh3e1          n/a 
        suitesparse_matrix.Pothen/sphere2          n/a 
       suitesparse_matrix.Precima/analytics        n/a 
        suitesparse_matrix.QLi/majorbasis          n/a 
         suitesparse_matrix.Rajat/rajat13          n/a 
      suitesparse_matrix.Rommes/bips98_1450        n/a 
       suitesparse_matrix.Rommes/bips98_606        n/a 
     suitesparse_matrix.Rommes/ww_36_pmec_36       n/a 
       suitesparse_matrix.Sandia/ASIC_100k         n/a 
       suitesparse_matrix.Sandia/ASIC_100ks        n/a 
       suitesparse_matrix.Sandia/ASIC_320ks        n/a 
       suitesparse_matrix.Sandia/ASIC_680k         n/a 
       suitesparse_matrix.Sandia/ASIC_680ks        n/a 
     suitesparse_matrix.Sandia/adder_dcop_31       n/a 
     suitesparse_matrix.Sandia/adder_dcop_32       n/a 
     suitesparse_matrix.Sandia/adder_dcop_33       n/a 
     suitesparse_matrix.Sandia/adder_dcop_34       n/a 
     suitesparse_matrix.Sandia/adder_dcop_35       n/a 
     suitesparse_matrix.Sandia/adder_dcop_36       n/a 
     suitesparse_matrix.Sandia/adder_dcop_37       n/a 
     suitesparse_matrix.Sandia/adder_dcop_38       n/a 
     suitesparse_matrix.Sandia/adder_dcop_40       n/a 
     suitesparse_matrix.Sandia/adder_dcop_41       n/a 
     suitesparse_matrix.Sandia/adder_dcop_42       n/a 
     suitesparse_matrix.Sandia/adder_dcop_43       n/a 
     suitesparse_matrix.Sandia/adder_dcop_44       n/a 
     suitesparse_matrix.Sandia/adder_dcop_45       n/a 
     suitesparse_matrix.Sandia/adder_dcop_46       n/a 
     suitesparse_matrix.Sandia/adder_dcop_47       n/a 
     suitesparse_matrix.Sandia/adder_dcop_48       n/a 
     suitesparse_matrix.Sandia/adder_dcop_49       n/a 
     suitesparse_matrix.Sandia/adder_dcop_50       n/a 
     suitesparse_matrix.Sandia/adder_dcop_51       n/a 
     suitesparse_matrix.Sandia/adder_dcop_52       n/a 
     suitesparse_matrix.Sandia/adder_dcop_53       n/a 
     suitesparse_matrix.Sandia/adder_dcop_54       n/a 
     suitesparse_matrix.Sandia/adder_dcop_55       n/a 
     suitesparse_matrix.Sandia/adder_dcop_57       n/a 
     suitesparse_matrix.Sandia/adder_dcop_58       n/a 
     suitesparse_matrix.Sandia/adder_dcop_59       n/a 
     suitesparse_matrix.Sandia/adder_dcop_60       n/a 
     suitesparse_matrix.Sandia/adder_dcop_61       n/a 
     suitesparse_matrix.Sandia/adder_dcop_62       n/a 
     suitesparse_matrix.Sandia/adder_dcop_63       n/a 
     suitesparse_matrix.Sandia/adder_dcop_64       n/a 
     suitesparse_matrix.Sandia/adder_dcop_65       n/a 
     suitesparse_matrix.Sandia/adder_dcop_66       n/a 
     suitesparse_matrix.Sandia/adder_dcop_67       n/a 
     suitesparse_matrix.Sandia/adder_dcop_68       n/a 
     suitesparse_matrix.Sandia/adder_dcop_69       n/a 
     suitesparse_matrix.Sandia/adder_trans_01      n/a 
     suitesparse_matrix.Sandia/adder_trans_02      n/a 
           suitesparse_matrix.VLSI/ss1             n/a 
          suitesparse_matrix.Wang/swang1           n/a 
          suitesparse_matrix.Wang/swang2           n/a 
          suitesparse_matrix.Zhao/Zhao1            n/a 
        suitesparse_matrix.ATandT/onetone2         n/a 
        suitesparse_matrix.Boeing/bcsstk35         n/a 
        suitesparse_matrix.Boeing/crystk02         n/a 
        suitesparse_matrix.Boeing/crystk03         n/a 
        suitesparse_matrix.Boeing/ct20stif         n/a 
       suitesparse_matrix.Brethour/coater2         n/a 
         suitesparse_matrix.Cote/vibrobox          n/a 
          suitesparse_matrix.FIDAP/ex11            n/a 
        suitesparse_matrix.Goodwin/goodwin         n/a 
          suitesparse_matrix.Goodwin/rim           n/a 
         suitesparse_matrix.Grund/bayer02          n/a 
         suitesparse_matrix.Grund/bayer10          n/a 
          suitesparse_matrix.HB/bcsstk09           n/a 
          suitesparse_matrix.HB/gemat11            n/a 
          suitesparse_matrix.HB/orani678           n/a 
         suitesparse_matrix.Hamm/memplus           n/a 
         suitesparse_matrix.Mallya/lhr10           n/a 
         suitesparse_matrix.Nasa/nasasrb           n/a 
           suitesparse_matrix.Nasa/pwt             n/a 
        suitesparse_matrix.Rothberg/3dtube         n/a 
        suitesparse_matrix.SNAP/CollegeMsg         n/a 
      suitesparse_matrix.SNAP/email-Eu-core        n/a 
        suitesparse_matrix.SNAP/wiki-Vote          n/a 
         suitesparse_matrix.SNAP/Oregon-1          n/a 
         suitesparse_matrix.SNAP/Oregon-2          n/a 
        suitesparse_matrix.SNAP/amazon0302         n/a 
        suitesparse_matrix.SNAP/amazon0312         n/a 
        suitesparse_matrix.SNAP/amazon0505         n/a 
        suitesparse_matrix.SNAP/amazon0601         n/a 
          suitesparse_matrix.SNAP/as-735           n/a 
        suitesparse_matrix.SNAP/as-Skitter         n/a 
         suitesparse_matrix.SNAP/as-caida          n/a 
        suitesparse_matrix.SNAP/ca-AstroPh         n/a 
        suitesparse_matrix.SNAP/ca-CondMat         n/a 
         suitesparse_matrix.SNAP/ca-HepTh          n/a 
        suitesparse_matrix.SNAP/cit-HepPh          n/a 
        suitesparse_matrix.SNAP/cit-HepTh          n/a 
       suitesparse_matrix.SNAP/cit-Patents         n/a 
        suitesparse_matrix.SNAP/com-Amazon         n/a 
         suitesparse_matrix.SNAP/com-DBLP          n/a 
      suitesparse_matrix.SNAP/com-Friendster       n/a 
     suitesparse_matrix.SNAP/com-LiveJournal       n/a 
        suitesparse_matrix.SNAP/com-Orkut          n/a 
       suitesparse_matrix.SNAP/com-Youtube         n/a 
       suitesparse_matrix.SNAP/email-Enron         n/a 
  suitesparse_matrix.SNAP/email-Eu-core-temporal   n/a 
       suitesparse_matrix.SNAP/email-EuAll         n/a 
      suitesparse_matrix.SNAP/higgs-twitter        n/a 
      suitesparse_matrix.SNAP/loc-Brightkite       n/a 
       suitesparse_matrix.SNAP/loc-Gowalla         n/a 
      suitesparse_matrix.SNAP/p2p-Gnutella04       n/a 
      suitesparse_matrix.SNAP/p2p-Gnutella05       n/a 
      suitesparse_matrix.SNAP/p2p-Gnutella06       n/a 
      suitesparse_matrix.SNAP/p2p-Gnutella08       n/a 
      suitesparse_matrix.SNAP/p2p-Gnutella09       n/a 
      suitesparse_matrix.SNAP/p2p-Gnutella24       n/a 
      suitesparse_matrix.SNAP/p2p-Gnutella25       n/a 
      suitesparse_matrix.SNAP/p2p-Gnutella30       n/a 
      suitesparse_matrix.SNAP/p2p-Gnutella31       n/a 
        suitesparse_matrix.SNAP/roadNet-CA         n/a 
        suitesparse_matrix.SNAP/roadNet-PA         n/a 
        suitesparse_matrix.SNAP/roadNet-TX         n/a 
      suitesparse_matrix.SNAP/soc-Epinions1        n/a 
     suitesparse_matrix.SNAP/soc-LiveJournal1      n/a 
        suitesparse_matrix.SNAP/soc-Pokec          n/a 
     suitesparse_matrix.SNAP/soc-Slashdot0811      n/a 
     suitesparse_matrix.SNAP/soc-Slashdot0902      n/a 
 suitesparse_matrix.SNAP/soc-sign-Slashdot081106   n/a 
 suitesparse_matrix.SNAP/soc-sign-Slashdot090216   n/a 
 suitesparse_matrix.SNAP/soc-sign-Slashdot090221   n/a 
  suitesparse_matrix.SNAP/soc-sign-bitcoin-alpha   n/a 
   suitesparse_matrix.SNAP/soc-sign-bitcoin-otc    n/a 
    suitesparse_matrix.SNAP/soc-sign-epinions      n/a 
       suitesparse_matrix.SNAP/sx-askubuntu        n/a 
     suitesparse_matrix.SNAP/sx-mathoverflow       n/a 
     suitesparse_matrix.SNAP/sx-stackoverflow      n/a 
       suitesparse_matrix.SNAP/sx-superuser        n/a 
         suitesparse_matrix.SNAP/twitter7          n/a 
       suitesparse_matrix.SNAP/web-BerkStan        n/a 
        suitesparse_matrix.SNAP/web-Google         n/a 
      suitesparse_matrix.SNAP/web-NotreDame        n/a 
       suitesparse_matrix.SNAP/web-Stanford        n/a 
         suitesparse_matrix.SNAP/wiki-RfA          n/a 
        suitesparse_matrix.SNAP/wiki-Talk          n/a 
    suitesparse_matrix.SNAP/wiki-talk-temporal     n/a 
       suitesparse_matrix.SNAP/wiki-topcats        n/a 
          suitesparse_matrix.Simon/olafu           n/a 
        suitesparse_matrix.Simon/raefsky3          n/a 
        suitesparse_matrix.Simon/raefsky4          n/a 
        suitesparse_matrix.Simon/venkat01          n/a 
         suitesparse_matrix.UTEP/Dubcova1          n/a 
          suitesparse_matrix.Wang/wang4            n/a 
         suitesparse_matrix.Zitney/rdist1          n/a 
       suitesparse_matrix.Bomhof/circuit_1         n/a 
     suitesparse_matrix.Bourchtein/atmosmodd       n/a 
     suitesparse_matrix.Bourchtein/atmosmodj       n/a 
     suitesparse_matrix.Bourchtein/atmosmodl       n/a 
     suitesparse_matrix.Bourchtein/atmosmodm       n/a 
       suitesparse_matrix.FEMLAB/poisson2D         n/a 
        suitesparse_matrix.GHS_indef/boyd1         n/a 
        suitesparse_matrix.GHS_indef/boyd2         n/a 
          suitesparse_matrix.Grund/b1_ss           n/a 
          suitesparse_matrix.Grund/poli            n/a 
          suitesparse_matrix.Hamm/add32            n/a 
        suitesparse_matrix.Hamrle/Hamrle1          n/a 
        suitesparse_matrix.NYPA/Maragal_1          n/a 
        suitesparse_matrix.NYPA/Maragal_2          n/a 
        suitesparse_matrix.NYPA/Maragal_3          n/a 
        suitesparse_matrix.NYPA/Maragal_4          n/a 
        suitesparse_matrix.NYPA/Maragal_5          n/a 
        suitesparse_matrix.NYPA/Maragal_6          n/a 
         suitesparse_matrix.Nasa/nasa2146          n/a 
      suitesparse_matrix.Sandia/mult_dcop_02       n/a 
     suitesparse_matrix.Schenk_AFE/af_shell3       n/a 
     suitesparse_matrix.Schenk_AFE/af_shell4       n/a 
     suitesparse_matrix.Schenk_AFE/af_shell7       n/a 
     suitesparse_matrix.Schenk_AFE/af_shell8       n/a 
        suitesparse_matrix.Simon/raefsky5          n/a 
        suitesparse_matrix.Simon/raefsky6          n/a 
       suitesparse_matrix.TOKAMAK/utm1700b         n/a 
        suitesparse_matrix.TOKAMAK/utm3060         n/a 
       suitesparse_matrix.Um/2cubes_sphere         n/a 
       suitesparse_matrix.VDOL/hangGlider_1        n/a 
 suitesparse_matrix.VDOL/tumorAntiAngiogenesis_1   n/a 
 suitesparse_matrix.VDOL/tumorAntiAngiogenesis_2   n/a 
      suitesparse_matrix.LPnetlib/lp_25fv47        n/a 
      suitesparse_matrix.LPnetlib/lp_80bau3b       n/a 
     suitesparse_matrix.LPnetlib/lp_adlittle       n/a 
       suitesparse_matrix.LPnetlib/lp_afiro        n/a 
        suitesparse_matrix.LPnetlib/lp_agg         n/a 
       suitesparse_matrix.LPnetlib/lp_agg2         n/a 
       suitesparse_matrix.LPnetlib/lp_agg3         n/a 
       suitesparse_matrix.LPnetlib/lp_bandm        n/a 
     suitesparse_matrix.LPnetlib/lp_beaconfd       n/a 
       suitesparse_matrix.LPnetlib/lp_blend        n/a 
       suitesparse_matrix.LPnetlib/lp_bnl1         n/a 
       suitesparse_matrix.LPnetlib/lp_bnl2         n/a 
      suitesparse_matrix.LPnetlib/lp_bore3d        n/a 
      suitesparse_matrix.LPnetlib/lp_brandy        n/a 
       suitesparse_matrix.LPnetlib/lp_capri        n/a 
       suitesparse_matrix.LPnetlib/lp_cre_a        n/a 
       suitesparse_matrix.LPnetlib/lp_cre_b        n/a 
       suitesparse_matrix.LPnetlib/lp_cre_c        n/a 
       suitesparse_matrix.LPnetlib/lp_cre_d        n/a 
       suitesparse_matrix.LPnetlib/lp_cycle        n/a 
      suitesparse_matrix.LPnetlib/lp_czprob        n/a 
      suitesparse_matrix.LPnetlib/lp_d2q06c        n/a 
      suitesparse_matrix.LPnetlib/lp_d6cube        n/a 
      suitesparse_matrix.LPnetlib/lp_degen2        n/a 
      suitesparse_matrix.LPnetlib/lp_degen3        n/a 
      suitesparse_matrix.LPnetlib/lp_dfl001        n/a 
       suitesparse_matrix.LPnetlib/lp_e226         n/a 
     suitesparse_matrix.LPnetlib/lp_etamacro       n/a 
     suitesparse_matrix.LPnetlib/lp_fffff800       n/a 
      suitesparse_matrix.LPnetlib/lp_finnis        n/a 
       suitesparse_matrix.LPnetlib/lp_fit1d        n/a 
       suitesparse_matrix.LPnetlib/lp_fit1p        n/a 
       suitesparse_matrix.LPnetlib/lp_fit2d        n/a 
       suitesparse_matrix.LPnetlib/lp_fit2p        n/a 
      suitesparse_matrix.LPnetlib/lp_ganges        n/a 
     suitesparse_matrix.LPnetlib/lp_gfrd_pnc       n/a 
     suitesparse_matrix.LPnetlib/lp_greenbea       n/a 
     suitesparse_matrix.LPnetlib/lp_greenbeb       n/a 
      suitesparse_matrix.LPnetlib/lp_grow15        n/a 
      suitesparse_matrix.LPnetlib/lp_grow22        n/a 
       suitesparse_matrix.LPnetlib/lp_grow7        n/a 
      suitesparse_matrix.LPnetlib/lp_israel        n/a 
        suitesparse_matrix.LPnetlib/lp_kb2         n/a 
      suitesparse_matrix.LPnetlib/lp_ken_07        n/a 
      suitesparse_matrix.LPnetlib/lp_ken_11        n/a 
      suitesparse_matrix.LPnetlib/lp_ken_13        n/a 
      suitesparse_matrix.LPnetlib/lp_ken_18        n/a 
       suitesparse_matrix.LPnetlib/lp_lotfi        n/a 
       suitesparse_matrix.LPnetlib/lp_maros        n/a 
     suitesparse_matrix.LPnetlib/lp_maros_r7       n/a 
      suitesparse_matrix.LPnetlib/lp_modszk1       n/a 
      suitesparse_matrix.LPnetlib/lp_osa_07        n/a 
      suitesparse_matrix.LPnetlib/lp_osa_14        n/a 
      suitesparse_matrix.LPnetlib/lp_osa_30        n/a 
      suitesparse_matrix.LPnetlib/lp_osa_60        n/a 
      suitesparse_matrix.LPnetlib/lp_pds_02        n/a 
      suitesparse_matrix.LPnetlib/lp_pds_06        n/a 
      suitesparse_matrix.LPnetlib/lp_pds_10        n/a 
      suitesparse_matrix.LPnetlib/lp_pds_20        n/a 
      suitesparse_matrix.LPnetlib/lp_perold        n/a 
       suitesparse_matrix.LPnetlib/lp_pilot        n/a 
      suitesparse_matrix.LPnetlib/lp_pilot4        n/a 
      suitesparse_matrix.LPnetlib/lp_pilot87       n/a 
     suitesparse_matrix.LPnetlib/lp_pilot_ja       n/a 
     suitesparse_matrix.LPnetlib/lp_pilot_we       n/a 
     suitesparse_matrix.LPnetlib/lp_pilotnov       n/a 
       suitesparse_matrix.LPnetlib/lp_qap12        n/a 
       suitesparse_matrix.LPnetlib/lp_qap15        n/a 
       suitesparse_matrix.LPnetlib/lp_qap8         n/a 
      suitesparse_matrix.LPnetlib/lp_recipe        n/a 
       suitesparse_matrix.LPnetlib/lp_sc105        n/a 
       suitesparse_matrix.LPnetlib/lp_sc205        n/a 
       suitesparse_matrix.LPnetlib/lp_sc50a        n/a 
       suitesparse_matrix.LPnetlib/lp_sc50b        n/a 
      suitesparse_matrix.LPnetlib/lp_scagr25       n/a 
      suitesparse_matrix.LPnetlib/lp_scagr7        n/a 
      suitesparse_matrix.LPnetlib/lp_scfxm1        n/a 
      suitesparse_matrix.LPnetlib/lp_scfxm2        n/a 
      suitesparse_matrix.LPnetlib/lp_scfxm3        n/a 
     suitesparse_matrix.LPnetlib/lp_scorpion       n/a 
       suitesparse_matrix.LPnetlib/lp_scrs8        n/a 
       suitesparse_matrix.LPnetlib/lp_scsd1        n/a 
       suitesparse_matrix.LPnetlib/lp_scsd6        n/a 
       suitesparse_matrix.LPnetlib/lp_scsd8        n/a 
      suitesparse_matrix.LPnetlib/lp_sctap1        n/a 
      suitesparse_matrix.LPnetlib/lp_sctap2        n/a 
      suitesparse_matrix.LPnetlib/lp_sctap3        n/a 
      suitesparse_matrix.LPnetlib/lp_share1b       n/a 
      suitesparse_matrix.LPnetlib/lp_share2b       n/a 
       suitesparse_matrix.LPnetlib/lp_shell        n/a 
      suitesparse_matrix.LPnetlib/lp_ship04l       n/a 
      suitesparse_matrix.LPnetlib/lp_ship04s       n/a 
      suitesparse_matrix.LPnetlib/lp_ship08l       n/a 
      suitesparse_matrix.LPnetlib/lp_ship08s       n/a 
      suitesparse_matrix.LPnetlib/lp_ship12l       n/a 
      suitesparse_matrix.LPnetlib/lp_ship12s       n/a 
      suitesparse_matrix.LPnetlib/lp_sierra        n/a 
       suitesparse_matrix.LPnetlib/lp_stair        n/a 
     suitesparse_matrix.LPnetlib/lp_standata       n/a 
     suitesparse_matrix.LPnetlib/lp_standgub       n/a 
     suitesparse_matrix.LPnetlib/lp_standmps       n/a 
     suitesparse_matrix.LPnetlib/lp_stocfor1       n/a 
     suitesparse_matrix.LPnetlib/lp_stocfor2       n/a 
     suitesparse_matrix.LPnetlib/lp_stocfor3       n/a 
       suitesparse_matrix.LPnetlib/lp_truss        n/a 
       suitesparse_matrix.LPnetlib/lp_tuff         n/a 
     suitesparse_matrix.LPnetlib/lp_vtp_base       n/a 
      suitesparse_matrix.LPnetlib/lp_wood1p        n/a 
       suitesparse_matrix.LPnetlib/lp_woodw        n/a 
      suitesparse_matrix.LPnetlib/lpi_bgdbg1       n/a 
      suitesparse_matrix.LPnetlib/lpi_bgetam       n/a 
      suitesparse_matrix.LPnetlib/lpi_bgindy       n/a 
      suitesparse_matrix.LPnetlib/lpi_bgprtr       n/a 
       suitesparse_matrix.LPnetlib/lpi_box1        n/a 
     suitesparse_matrix.LPnetlib/lpi_ceria3d       n/a 
     suitesparse_matrix.LPnetlib/lpi_chemcom       n/a 
      suitesparse_matrix.LPnetlib/lpi_cplex1       n/a 
      suitesparse_matrix.LPnetlib/lpi_cplex2       n/a 
      suitesparse_matrix.LPnetlib/lpi_ex72a        n/a 
      suitesparse_matrix.LPnetlib/lpi_ex73a        n/a 
     suitesparse_matrix.LPnetlib/lpi_forest6       n/a 
     suitesparse_matrix.LPnetlib/lpi_galenet       n/a 
       suitesparse_matrix.LPnetlib/lpi_gosh        n/a 
       suitesparse_matrix.LPnetlib/lpi_gran        n/a 
     suitesparse_matrix.LPnetlib/lpi_greenbea      n/a 
      suitesparse_matrix.LPnetlib/lpi_itest2       n/a 
      suitesparse_matrix.LPnetlib/lpi_itest6       n/a 
      suitesparse_matrix.LPnetlib/lpi_klein1       n/a 
      suitesparse_matrix.LPnetlib/lpi_klein2       n/a 
      suitesparse_matrix.LPnetlib/lpi_klein3       n/a 
     suitesparse_matrix.LPnetlib/lpi_mondou2       n/a 
       suitesparse_matrix.LPnetlib/lpi_pang        n/a 
     suitesparse_matrix.LPnetlib/lpi_pilot4i       n/a 
       suitesparse_matrix.LPnetlib/lpi_qual        n/a 
     suitesparse_matrix.LPnetlib/lpi_reactor       n/a 
     suitesparse_matrix.LPnetlib/lpi_refinery      n/a 
       suitesparse_matrix.LPnetlib/lpi_vol1        n/a 
     suitesparse_matrix.LPnetlib/lpi_woodinfe      n/a 
================================================= =====

·· ================================================= =====
                        dataset                           
   ------------------------------------------------- -----
           suitesparse_matrix.Pothen/mesh3em5         n/a 
             suitesparse_matrix.HB/bcsstm02           n/a 
             suitesparse_matrix.Norris/fv1            n/a 
            suitesparse_matrix.MathWorks/Muu          n/a 
     suitesparse_matrix.JGD_Trefethen/Trefethen_200   n/a 
             suitesparse_matrix.Norris/fv2            n/a 
              suitesparse_matrix.HB/ash958            n/a 
             suitesparse_matrix.Bai/mhdb416           n/a 
              suitesparse_matrix.HB/lund_b            n/a 
             suitesparse_matrix.HB/bcsstm12           n/a 
           suitesparse_matrix.Pothen/mesh1em1         n/a 
             suitesparse_matrix.HB/bcsstk05           n/a 
               suitesparse_matrix.HB/nos1             n/a 
               suitesparse_matrix.HB/nos2             n/a 
               suitesparse_matrix.HB/nos3             n/a 
              suitesparse_matrix.HB/dwt_59            n/a 
             suitesparse_matrix.HB/bcspwr01           n/a 
             suitesparse_matrix.HB/bcspwr02           n/a 
             suitesparse_matrix.HB/bcspwr03           n/a 
         suitesparse_matrix.DIMACS10/chesapeake       n/a 
              suitesparse_matrix.HB/ash85             n/a 
              suitesparse_matrix.HB/arc130            n/a 
             suitesparse_matrix.HB/bcspwr04           n/a 
              suitesparse_matrix.HB/ash292            n/a 
            suitesparse_matrix.Newman/karate          n/a 
           suitesparse_matrix.Newman/dolphins         n/a 
            suitesparse_matrix.SNAP/ca-GrQc           n/a 
            suitesparse_matrix.Arenas/email           n/a 
          suitesparse_matrix.Muite/Chebyshev3         n/a 
            suitesparse_matrix.SNAP/ca-HepPh          n/a 
             suitesparse_matrix.HB/bcsstk01           n/a 
            suitesparse_matrix.GAP/GAP-road           n/a 
           suitesparse_matrix.GAP/GAP-twitter         n/a 
             suitesparse_matrix.GAP/GAP-web           n/a 
            suitesparse_matrix.GAP/GAP-kron           n/a 
            suitesparse_matrix.GAP/GAP-urand          n/a 
           suitesparse_matrix.ANSYS/Delor338K         n/a 
           suitesparse_matrix.Andrews/Andrews         n/a 
           suitesparse_matrix.Andrianov/ins2          n/a 
          suitesparse_matrix.Andrianov/net100         n/a 
          suitesparse_matrix.Andrianov/net125         n/a 
          suitesparse_matrix.Andrianov/net150         n/a 
           suitesparse_matrix.Andrianov/net25         n/a 
           suitesparse_matrix.Andrianov/net50         n/a 
           suitesparse_matrix.Andrianov/net75         n/a 
             suitesparse_matrix.Bai/bfwa62            n/a 
             suitesparse_matrix.Bai/bfwb398           n/a 
             suitesparse_matrix.Bai/bfwb62            n/a 
             suitesparse_matrix.Bai/bfwb782           n/a 
              suitesparse_matrix.Bai/cdde2            n/a 
              suitesparse_matrix.Bai/cdde4            n/a 
              suitesparse_matrix.Bai/cdde6            n/a 
              suitesparse_matrix.Bai/ck104            n/a 
             suitesparse_matrix.Bai/dw256B            n/a 
             suitesparse_matrix.Bai/dwb512            n/a 
            suitesparse_matrix.Bai/mhd3200b           n/a 
            suitesparse_matrix.Bai/mhd4800b           n/a 
            suitesparse_matrix.Bai/odepb400           n/a 
             suitesparse_matrix.Bai/pde225            n/a 
             suitesparse_matrix.Bai/pde900            n/a 
             suitesparse_matrix.Bai/rdb200            n/a 
             suitesparse_matrix.Bai/rdb200l           n/a 
            suitesparse_matrix.Bindel/ted_B           n/a 
        suitesparse_matrix.Bindel/ted_B_unscaled      n/a 
           suitesparse_matrix.Boeing/bcsstk34         n/a 
           suitesparse_matrix.Boeing/bcsstm39         n/a 
           suitesparse_matrix.Boeing/crystm01         n/a 
           suitesparse_matrix.Boeing/crystm02         n/a 
           suitesparse_matrix.Boeing/crystm03         n/a 
           suitesparse_matrix.Boeing/msc00726         n/a 
      suitesparse_matrix.Botonakis/FEM_3D_thermal1    n/a 
      suitesparse_matrix.Botonakis/FEM_3D_thermal2    n/a 
       suitesparse_matrix.Botonakis/thermomech_TC     n/a 
       suitesparse_matrix.Botonakis/thermomech_dM     n/a 
         suitesparse_matrix.Brunetiere/thermal        n/a 
              suitesparse_matrix.CPM/cz148            n/a 
         suitesparse_matrix.Cunningham/m3plates       n/a 
          suitesparse_matrix.Cunningham/qa8fk         n/a 
          suitesparse_matrix.Cunningham/qa8fm         n/a 
           suitesparse_matrix.FEMLAB/problem1         n/a 
             suitesparse_matrix.FIDAP/ex29            n/a 
             suitesparse_matrix.FIDAP/ex37            n/a 
              suitesparse_matrix.FIDAP/ex5            n/a 
              suitesparse_matrix.FIDAP/ex7            n/a 
       suitesparse_matrix.Freescale/circuit5M_dc      n/a 
         suitesparse_matrix.GHS_indef/blockqp1        n/a 
           suitesparse_matrix.GHS_indef/laser         n/a 
          suitesparse_matrix.GHS_indef/qpband         n/a 
         suitesparse_matrix.GHS_psdef/jnlbrng1        n/a 
         suitesparse_matrix.GHS_psdef/minsurfo        n/a 
         suitesparse_matrix.GHS_psdef/obstclae        n/a 
         suitesparse_matrix.GHS_psdef/wathen100       n/a 
         suitesparse_matrix.GHS_psdef/wathen120       n/a 
             suitesparse_matrix.Grund/meg4            n/a 
             suitesparse_matrix.Grund/poli3           n/a 
             suitesparse_matrix.Grund/poli4           n/a 
          suitesparse_matrix.Grund/poli_large         n/a 
          suitesparse_matrix.Guettel/TEM27623         n/a 
              suitesparse_matrix.HB/ash219            n/a 
              suitesparse_matrix.HB/ash331            n/a 
              suitesparse_matrix.HB/ash608            n/a 
             suitesparse_matrix.HB/bcsstk02           n/a 
             suitesparse_matrix.HB/bcsstk03           n/a 
             suitesparse_matrix.HB/bcsstk04           n/a 
             suitesparse_matrix.HB/bcsstk08           n/a 
             suitesparse_matrix.HB/bcsstk20           n/a 
             suitesparse_matrix.HB/bcsstk22           n/a 
             suitesparse_matrix.HB/bcsstm01           n/a 
             suitesparse_matrix.HB/bcsstm03           n/a 
             suitesparse_matrix.HB/bcsstm04           n/a 
             suitesparse_matrix.HB/bcsstm05           n/a 
             suitesparse_matrix.HB/bcsstm06           n/a 
             suitesparse_matrix.HB/bcsstm07           n/a 
             suitesparse_matrix.HB/bcsstm08           n/a 
             suitesparse_matrix.HB/bcsstm09           n/a 
             suitesparse_matrix.HB/bcsstm11           n/a 
             suitesparse_matrix.HB/bcsstm19           n/a 
             suitesparse_matrix.HB/bcsstm20           n/a 
             suitesparse_matrix.HB/bcsstm21           n/a 
             suitesparse_matrix.HB/bcsstm22           n/a 
             suitesparse_matrix.HB/bcsstm23           n/a 
             suitesparse_matrix.HB/bcsstm24           n/a 
             suitesparse_matrix.HB/bcsstm25           n/a 
             suitesparse_matrix.HB/bcsstm26           n/a 
             suitesparse_matrix.HB/can_144            n/a 
              suitesparse_matrix.HB/can_24            n/a 
              suitesparse_matrix.HB/can_61            n/a 
              suitesparse_matrix.HB/can_62            n/a 
              suitesparse_matrix.HB/can_73            n/a 
              suitesparse_matrix.HB/can_96            n/a 
             suitesparse_matrix.HB/curtis54           n/a 
              suitesparse_matrix.HB/dwt_66            n/a 
              suitesparse_matrix.HB/dwt_72            n/a 
             suitesparse_matrix.HB/fs_183_1           n/a 
             suitesparse_matrix.HB/fs_183_3           n/a 
             suitesparse_matrix.HB/fs_183_4           n/a 
             suitesparse_matrix.HB/fs_183_6           n/a 
             suitesparse_matrix.HB/fs_541_1           n/a 
             suitesparse_matrix.HB/fs_680_1           n/a 
             suitesparse_matrix.HB/fs_680_2           n/a 
             suitesparse_matrix.HB/fs_760_1           n/a 
             suitesparse_matrix.HB/fs_760_2           n/a 
             suitesparse_matrix.HB/fs_760_3           n/a 
             suitesparse_matrix.HB/gr_30_30           n/a 
             suitesparse_matrix.HB/jpwh_991           n/a 
              suitesparse_matrix.HB/lap_25            n/a 
              suitesparse_matrix.HB/lund_a            n/a 
               suitesparse_matrix.HB/nos4             n/a 
               suitesparse_matrix.HB/nos6             n/a 
               suitesparse_matrix.HB/nos7             n/a 
             suitesparse_matrix.HB/pores_1            n/a 
             suitesparse_matrix.HB/psmigr_3           n/a 
              suitesparse_matrix.HB/steam2            n/a 
              suitesparse_matrix.HB/steam3            n/a 
              suitesparse_matrix.HB/watt_1            n/a 
              suitesparse_matrix.HB/watt_2            n/a 
          suitesparse_matrix.Lourakis/bundle1         n/a 
               suitesparse_matrix.MKS/fp              n/a 
        suitesparse_matrix.MathWorks/tomography       n/a 
      suitesparse_matrix.MaxPlanck/shallow_water1     n/a 
      suitesparse_matrix.MaxPlanck/shallow_water2     n/a 
          suitesparse_matrix.Morandini/rotor1         n/a 
           suitesparse_matrix.Mulvey/finan512         n/a 
           suitesparse_matrix.Nemeth/nemeth02         n/a 
           suitesparse_matrix.Nemeth/nemeth03         n/a 
           suitesparse_matrix.Nemeth/nemeth04         n/a 
           suitesparse_matrix.Nemeth/nemeth05         n/a 
           suitesparse_matrix.Nemeth/nemeth06         n/a 
           suitesparse_matrix.Nemeth/nemeth07         n/a 
           suitesparse_matrix.Nemeth/nemeth08         n/a 
           suitesparse_matrix.Nemeth/nemeth09         n/a 
           suitesparse_matrix.Nemeth/nemeth10         n/a 
           suitesparse_matrix.Nemeth/nemeth11         n/a 
           suitesparse_matrix.Nemeth/nemeth12         n/a 
           suitesparse_matrix.Nemeth/nemeth13         n/a 
           suitesparse_matrix.Nemeth/nemeth16         n/a 
           suitesparse_matrix.Nemeth/nemeth17         n/a 
           suitesparse_matrix.Nemeth/nemeth18         n/a 
           suitesparse_matrix.Nemeth/nemeth19         n/a 
           suitesparse_matrix.Nemeth/nemeth20         n/a 
           suitesparse_matrix.Nemeth/nemeth21         n/a 
           suitesparse_matrix.Nemeth/nemeth22         n/a 
           suitesparse_matrix.Nemeth/nemeth23         n/a 
           suitesparse_matrix.Nemeth/nemeth24         n/a 
           suitesparse_matrix.Nemeth/nemeth25         n/a 
           suitesparse_matrix.Nemeth/nemeth26         n/a 
            suitesparse_matrix.Norris/torso2          n/a 
          suitesparse_matrix.Oberwolfach/LF10         n/a 
          suitesparse_matrix.Oberwolfach/LFAT5        n/a 
             suitesparse_matrix.PARSEC/Si2            n/a 
            suitesparse_matrix.Pothen/bodyy4          n/a 
           suitesparse_matrix.Pothen/mesh1e1          n/a 
           suitesparse_matrix.Pothen/mesh1em6         n/a 
           suitesparse_matrix.Pothen/mesh2e1          n/a 
           suitesparse_matrix.Pothen/mesh2em5         n/a 
           suitesparse_matrix.Pothen/mesh3e1          n/a 
           suitesparse_matrix.Pothen/sphere2          n/a 
          suitesparse_matrix.Precima/analytics        n/a 
           suitesparse_matrix.QLi/majorbasis          n/a 
            suitesparse_matrix.Rajat/rajat13          n/a 
         suitesparse_matrix.Rommes/bips98_1450        n/a 
          suitesparse_matrix.Rommes/bips98_606        n/a 
        suitesparse_matrix.Rommes/ww_36_pmec_36       n/a 
          suitesparse_matrix.Sandia/ASIC_100k         n/a 
          suitesparse_matrix.Sandia/ASIC_100ks        n/a 
          suitesparse_matrix.Sandia/ASIC_320ks        n/a 
          suitesparse_matrix.Sandia/ASIC_680k         n/a 
          suitesparse_matrix.Sandia/ASIC_680ks        n/a 
        suitesparse_matrix.Sandia/adder_dcop_31       n/a 
        suitesparse_matrix.Sandia/adder_dcop_32       n/a 
        suitesparse_matrix.Sandia/adder_dcop_33       n/a 
        suitesparse_matrix.Sandia/adder_dcop_34       n/a 
        suitesparse_matrix.Sandia/adder_dcop_35       n/a 
        suitesparse_matrix.Sandia/adder_dcop_36       n/a 
        suitesparse_matrix.Sandia/adder_dcop_37       n/a 
        suitesparse_matrix.Sandia/adder_dcop_38       n/a 
        suitesparse_matrix.Sandia/adder_dcop_40       n/a 
        suitesparse_matrix.Sandia/adder_dcop_41       n/a 
        suitesparse_matrix.Sandia/adder_dcop_42       n/a 
        suitesparse_matrix.Sandia/adder_dcop_43       n/a 
        suitesparse_matrix.Sandia/adder_dcop_44       n/a 
        suitesparse_matrix.Sandia/adder_dcop_45       n/a 
        suitesparse_matrix.Sandia/adder_dcop_46       n/a 
        suitesparse_matrix.Sandia/adder_dcop_47       n/a 
        suitesparse_matrix.Sandia/adder_dcop_48       n/a 
        suitesparse_matrix.Sandia/adder_dcop_49       n/a 
        suitesparse_matrix.Sandia/adder_dcop_50       n/a 
        suitesparse_matrix.Sandia/adder_dcop_51       n/a 
        suitesparse_matrix.Sandia/adder_dcop_52       n/a 
        suitesparse_matrix.Sandia/adder_dcop_53       n/a 
        suitesparse_matrix.Sandia/adder_dcop_54       n/a 
        suitesparse_matrix.Sandia/adder_dcop_55       n/a 
        suitesparse_matrix.Sandia/adder_dcop_57       n/a 
        suitesparse_matrix.Sandia/adder_dcop_58       n/a 
        suitesparse_matrix.Sandia/adder_dcop_59       n/a 
        suitesparse_matrix.Sandia/adder_dcop_60       n/a 
        suitesparse_matrix.Sandia/adder_dcop_61       n/a 
        suitesparse_matrix.Sandia/adder_dcop_62       n/a 
        suitesparse_matrix.Sandia/adder_dcop_63       n/a 
        suitesparse_matrix.Sandia/adder_dcop_64       n/a 
        suitesparse_matrix.Sandia/adder_dcop_65       n/a 
        suitesparse_matrix.Sandia/adder_dcop_66       n/a 
        suitesparse_matrix.Sandia/adder_dcop_67       n/a 
        suitesparse_matrix.Sandia/adder_dcop_68       n/a 
        suitesparse_matrix.Sandia/adder_dcop_69       n/a 
        suitesparse_matrix.Sandia/adder_trans_01      n/a 
        suitesparse_matrix.Sandia/adder_trans_02      n/a 
              suitesparse_matrix.VLSI/ss1             n/a 
             suitesparse_matrix.Wang/swang1           n/a 
             suitesparse_matrix.Wang/swang2           n/a 
             suitesparse_matrix.Zhao/Zhao1            n/a 
           suitesparse_matrix.ATandT/onetone2         n/a 
           suitesparse_matrix.Boeing/bcsstk35         n/a 
           suitesparse_matrix.Boeing/crystk02         n/a 
           suitesparse_matrix.Boeing/crystk03         n/a 
           suitesparse_matrix.Boeing/ct20stif         n/a 
          suitesparse_matrix.Brethour/coater2         n/a 
            suitesparse_matrix.Cote/vibrobox          n/a 
             suitesparse_matrix.FIDAP/ex11            n/a 
           suitesparse_matrix.Goodwin/goodwin         n/a 
             suitesparse_matrix.Goodwin/rim           n/a 
            suitesparse_matrix.Grund/bayer02          n/a 
            suitesparse_matrix.Grund/bayer10          n/a 
             suitesparse_matrix.HB/bcsstk09           n/a 
             suitesparse_matrix.HB/gemat11            n/a 
             suitesparse_matrix.HB/orani678           n/a 
            suitesparse_matrix.Hamm/memplus           n/a 
            suitesparse_matrix.Mallya/lhr10           n/a 
            suitesparse_matrix.Nasa/nasasrb           n/a 
              suitesparse_matrix.Nasa/pwt             n/a 
           suitesparse_matrix.Rothberg/3dtube         n/a 
           suitesparse_matrix.SNAP/CollegeMsg         n/a 
         suitesparse_matrix.SNAP/email-Eu-core        n/a 
           suitesparse_matrix.SNAP/wiki-Vote          n/a 
            suitesparse_matrix.SNAP/Oregon-1          n/a 
            suitesparse_matrix.SNAP/Oregon-2          n/a 
           suitesparse_matrix.SNAP/amazon0302         n/a 
           suitesparse_matrix.SNAP/amazon0312         n/a 
           suitesparse_matrix.SNAP/amazon0505         n/a 
           suitesparse_matrix.SNAP/amazon0601         n/a 
             suitesparse_matrix.SNAP/as-735           n/a 
           suitesparse_matrix.SNAP/as-Skitter         n/a 
            suitesparse_matrix.SNAP/as-caida          n/a 
           suitesparse_matrix.SNAP/ca-AstroPh         n/a 
           suitesparse_matrix.SNAP/ca-CondMat         n/a 
            suitesparse_matrix.SNAP/ca-HepTh          n/a 
           suitesparse_matrix.SNAP/cit-HepPh          n/a 
           suitesparse_matrix.SNAP/cit-HepTh          n/a 
          suitesparse_matrix.SNAP/cit-Patents         n/a 
           suitesparse_matrix.SNAP/com-Amazon         n/a 
            suitesparse_matrix.SNAP/com-DBLP          n/a 
         suitesparse_matrix.SNAP/com-Friendster       n/a 
        suitesparse_matrix.SNAP/com-LiveJournal       n/a 
           suitesparse_matrix.SNAP/com-Orkut          n/a 
          suitesparse_matrix.SNAP/com-Youtube         n/a 
          suitesparse_matrix.SNAP/email-Enron         n/a 
     suitesparse_matrix.SNAP/email-Eu-core-temporal   n/a 
          suitesparse_matrix.SNAP/email-EuAll         n/a 
         suitesparse_matrix.SNAP/higgs-twitter        n/a 
         suitesparse_matrix.SNAP/loc-Brightkite       n/a 
          suitesparse_matrix.SNAP/loc-Gowalla         n/a 
         suitesparse_matrix.SNAP/p2p-Gnutella04       n/a 
         suitesparse_matrix.SNAP/p2p-Gnutella05       n/a 
         suitesparse_matrix.SNAP/p2p-Gnutella06       n/a 
         suitesparse_matrix.SNAP/p2p-Gnutella08       n/a 
         suitesparse_matrix.SNAP/p2p-Gnutella09       n/a 
         suitesparse_matrix.SNAP/p2p-Gnutella24       n/a 
         suitesparse_matrix.SNAP/p2p-Gnutella25       n/a 
         suitesparse_matrix.SNAP/p2p-Gnutella30       n/a 
         suitesparse_matrix.SNAP/p2p-Gnutella31       n/a 
           suitesparse_matrix.SNAP/roadNet-CA         n/a 
           suitesparse_matrix.SNAP/roadNet-PA         n/a 
           suitesparse_matrix.SNAP/roadNet-TX         n/a 
         suitesparse_matrix.SNAP/soc-Epinions1        n/a 
        suitesparse_matrix.SNAP/soc-LiveJournal1      n/a 
           suitesparse_matrix.SNAP/soc-Pokec          n/a 
        suitesparse_matrix.SNAP/soc-Slashdot0811      n/a 
        suitesparse_matrix.SNAP/soc-Slashdot0902      n/a 
    suitesparse_matrix.SNAP/soc-sign-Slashdot081106   n/a 
    suitesparse_matrix.SNAP/soc-sign-Slashdot090216   n/a 
    suitesparse_matrix.SNAP/soc-sign-Slashdot090221   n/a 
     suitesparse_matrix.SNAP/soc-sign-bitcoin-alpha   n/a 
      suitesparse_matrix.SNAP/soc-sign-bitcoin-otc    n/a 
       suitesparse_matrix.SNAP/soc-sign-epinions      n/a 
          suitesparse_matrix.SNAP/sx-askubuntu        n/a 
        suitesparse_matrix.SNAP/sx-mathoverflow       n/a 
        suitesparse_matrix.SNAP/sx-stackoverflow      n/a 
          suitesparse_matrix.SNAP/sx-superuser        n/a 
            suitesparse_matrix.SNAP/twitter7          n/a 
          suitesparse_matrix.SNAP/web-BerkStan        n/a 
           suitesparse_matrix.SNAP/web-Google         n/a 
         suitesparse_matrix.SNAP/web-NotreDame        n/a 
          suitesparse_matrix.SNAP/web-Stanford        n/a 
            suitesparse_matrix.SNAP/wiki-RfA          n/a 
           suitesparse_matrix.SNAP/wiki-Talk          n/a 
       suitesparse_matrix.SNAP/wiki-talk-temporal     n/a 
          suitesparse_matrix.SNAP/wiki-topcats        n/a 
             suitesparse_matrix.Simon/olafu           n/a 
           suitesparse_matrix.Simon/raefsky3          n/a 
           suitesparse_matrix.Simon/raefsky4          n/a 
           suitesparse_matrix.Simon/venkat01          n/a 
            suitesparse_matrix.UTEP/Dubcova1          n/a 
             suitesparse_matrix.Wang/wang4            n/a 
            suitesparse_matrix.Zitney/rdist1          n/a 
          suitesparse_matrix.Bomhof/circuit_1         n/a 
        suitesparse_matrix.Bourchtein/atmosmodd       n/a 
        suitesparse_matrix.Bourchtein/atmosmodj       n/a 
        suitesparse_matrix.Bourchtein/atmosmodl       n/a 
        suitesparse_matrix.Bourchtein/atmosmodm       n/a 
          suitesparse_matrix.FEMLAB/poisson2D         n/a 
           suitesparse_matrix.GHS_indef/boyd1         n/a 
           suitesparse_matrix.GHS_indef/boyd2         n/a 
             suitesparse_matrix.Grund/b1_ss           n/a 
             suitesparse_matrix.Grund/poli            n/a 
             suitesparse_matrix.Hamm/add32            n/a 
           suitesparse_matrix.Hamrle/Hamrle1          n/a 
           suitesparse_matrix.NYPA/Maragal_1          n/a 
           suitesparse_matrix.NYPA/Maragal_2          n/a 
           suitesparse_matrix.NYPA/Maragal_3          n/a 
           suitesparse_matrix.NYPA/Maragal_4          n/a 
           suitesparse_matrix.NYPA/Maragal_5          n/a 
           suitesparse_matrix.NYPA/Maragal_6          n/a 
            suitesparse_matrix.Nasa/nasa2146          n/a 
         suitesparse_matrix.Sandia/mult_dcop_02       n/a 
        suitesparse_matrix.Schenk_AFE/af_shell3       n/a 
        suitesparse_matrix.Schenk_AFE/af_shell4       n/a 
        suitesparse_matrix.Schenk_AFE/af_shell7       n/a 
        suitesparse_matrix.Schenk_AFE/af_shell8       n/a 
           suitesparse_matrix.Simon/raefsky5          n/a 
           suitesparse_matrix.Simon/raefsky6          n/a 
          suitesparse_matrix.TOKAMAK/utm1700b         n/a 
           suitesparse_matrix.TOKAMAK/utm3060         n/a 
          suitesparse_matrix.Um/2cubes_sphere         n/a 
          suitesparse_matrix.VDOL/hangGlider_1        n/a 
    suitesparse_matrix.VDOL/tumorAntiAngiogenesis_1   n/a 
    suitesparse_matrix.VDOL/tumorAntiAngiogenesis_2   n/a 
         suitesparse_matrix.LPnetlib/lp_25fv47        n/a 
         suitesparse_matrix.LPnetlib/lp_80bau3b       n/a 
        suitesparse_matrix.LPnetlib/lp_adlittle       n/a 
          suitesparse_matrix.LPnetlib/lp_afiro        n/a 
           suitesparse_matrix.LPnetlib/lp_agg         n/a 
          suitesparse_matrix.LPnetlib/lp_agg2         n/a 
          suitesparse_matrix.LPnetlib/lp_agg3         n/a 
          suitesparse_matrix.LPnetlib/lp_bandm        n/a 
        suitesparse_matrix.LPnetlib/lp_beaconfd       n/a 
          suitesparse_matrix.LPnetlib/lp_blend        n/a 
          suitesparse_matrix.LPnetlib/lp_bnl1         n/a 
          suitesparse_matrix.LPnetlib/lp_bnl2         n/a 
         suitesparse_matrix.LPnetlib/lp_bore3d        n/a 
         suitesparse_matrix.LPnetlib/lp_brandy        n/a 
          suitesparse_matrix.LPnetlib/lp_capri        n/a 
          suitesparse_matrix.LPnetlib/lp_cre_a        n/a 
          suitesparse_matrix.LPnetlib/lp_cre_b        n/a 
          suitesparse_matrix.LPnetlib/lp_cre_c        n/a 
          suitesparse_matrix.LPnetlib/lp_cre_d        n/a 
          suitesparse_matrix.LPnetlib/lp_cycle        n/a 
         suitesparse_matrix.LPnetlib/lp_czprob        n/a 
         suitesparse_matrix.LPnetlib/lp_d2q06c        n/a 
         suitesparse_matrix.LPnetlib/lp_d6cube        n/a 
         suitesparse_matrix.LPnetlib/lp_degen2        n/a 
         suitesparse_matrix.LPnetlib/lp_degen3        n/a 
         suitesparse_matrix.LPnetlib/lp_dfl001        n/a 
          suitesparse_matrix.LPnetlib/lp_e226         n/a 
        suitesparse_matrix.LPnetlib/lp_etamacro       n/a 
        suitesparse_matrix.LPnetlib/lp_fffff800       n/a 
         suitesparse_matrix.LPnetlib/lp_finnis        n/a 
          suitesparse_matrix.LPnetlib/lp_fit1d        n/a 
          suitesparse_matrix.LPnetlib/lp_fit1p        n/a 
          suitesparse_matrix.LPnetlib/lp_fit2d        n/a 
          suitesparse_matrix.LPnetlib/lp_fit2p        n/a 
         suitesparse_matrix.LPnetlib/lp_ganges        n/a 
        suitesparse_matrix.LPnetlib/lp_gfrd_pnc       n/a 
        suitesparse_matrix.LPnetlib/lp_greenbea       n/a 
        suitesparse_matrix.LPnetlib/lp_greenbeb       n/a 
         suitesparse_matrix.LPnetlib/lp_grow15        n/a 
         suitesparse_matrix.LPnetlib/lp_grow22        n/a 
          suitesparse_matrix.LPnetlib/lp_grow7        n/a 
         suitesparse_matrix.LPnetlib/lp_israel        n/a 
           suitesparse_matrix.LPnetlib/lp_kb2         n/a 
         suitesparse_matrix.LPnetlib/lp_ken_07        n/a 
         suitesparse_matrix.LPnetlib/lp_ken_11        n/a 
         suitesparse_matrix.LPnetlib/lp_ken_13        n/a 
         suitesparse_matrix.LPnetlib/lp_ken_18        n/a 
          suitesparse_matrix.LPnetlib/lp_lotfi        n/a 
          suitesparse_matrix.LPnetlib/lp_maros        n/a 
        suitesparse_matrix.LPnetlib/lp_maros_r7       n/a 
         suitesparse_matrix.LPnetlib/lp_modszk1       n/a 
         suitesparse_matrix.LPnetlib/lp_osa_07        n/a 
         suitesparse_matrix.LPnetlib/lp_osa_14        n/a 
         suitesparse_matrix.LPnetlib/lp_osa_30        n/a 
         suitesparse_matrix.LPnetlib/lp_osa_60        n/a 
         suitesparse_matrix.LPnetlib/lp_pds_02        n/a 
         suitesparse_matrix.LPnetlib/lp_pds_06        n/a 
         suitesparse_matrix.LPnetlib/lp_pds_10        n/a 
         suitesparse_matrix.LPnetlib/lp_pds_20        n/a 
         suitesparse_matrix.LPnetlib/lp_perold        n/a 
          suitesparse_matrix.LPnetlib/lp_pilot        n/a 
         suitesparse_matrix.LPnetlib/lp_pilot4        n/a 
         suitesparse_matrix.LPnetlib/lp_pilot87       n/a 
        suitesparse_matrix.LPnetlib/lp_pilot_ja       n/a 
        suitesparse_matrix.LPnetlib/lp_pilot_we       n/a 
        suitesparse_matrix.LPnetlib/lp_pilotnov       n/a 
          suitesparse_matrix.LPnetlib/lp_qap12        n/a 
          suitesparse_matrix.LPnetlib/lp_qap15        n/a 
          suitesparse_matrix.LPnetlib/lp_qap8         n/a 
         suitesparse_matrix.LPnetlib/lp_recipe        n/a 
          suitesparse_matrix.LPnetlib/lp_sc105        n/a 
          suitesparse_matrix.LPnetlib/lp_sc205        n/a 
          suitesparse_matrix.LPnetlib/lp_sc50a        n/a 
          suitesparse_matrix.LPnetlib/lp_sc50b        n/a 
         suitesparse_matrix.LPnetlib/lp_scagr25       n/a 
         suitesparse_matrix.LPnetlib/lp_scagr7        n/a 
         suitesparse_matrix.LPnetlib/lp_scfxm1        n/a 
         suitesparse_matrix.LPnetlib/lp_scfxm2        n/a 
         suitesparse_matrix.LPnetlib/lp_scfxm3        n/a 
        suitesparse_matrix.LPnetlib/lp_scorpion       n/a 
          suitesparse_matrix.LPnetlib/lp_scrs8        n/a 
          suitesparse_matrix.LPnetlib/lp_scsd1        n/a 
          suitesparse_matrix.LPnetlib/lp_scsd6        n/a 
          suitesparse_matrix.LPnetlib/lp_scsd8        n/a 
         suitesparse_matrix.LPnetlib/lp_sctap1        n/a 
         suitesparse_matrix.LPnetlib/lp_sctap2        n/a 
         suitesparse_matrix.LPnetlib/lp_sctap3        n/a 
         suitesparse_matrix.LPnetlib/lp_share1b       n/a 
         suitesparse_matrix.LPnetlib/lp_share2b       n/a 
          suitesparse_matrix.LPnetlib/lp_shell        n/a 
         suitesparse_matrix.LPnetlib/lp_ship04l       n/a 
         suitesparse_matrix.LPnetlib/lp_ship04s       n/a 
         suitesparse_matrix.LPnetlib/lp_ship08l       n/a 
         suitesparse_matrix.LPnetlib/lp_ship08s       n/a 
         suitesparse_matrix.LPnetlib/lp_ship12l       n/a 
         suitesparse_matrix.LPnetlib/lp_ship12s       n/a 
         suitesparse_matrix.LPnetlib/lp_sierra        n/a 
          suitesparse_matrix.LPnetlib/lp_stair        n/a 
        suitesparse_matrix.LPnetlib/lp_standata       n/a 
        suitesparse_matrix.LPnetlib/lp_standgub       n/a 
        suitesparse_matrix.LPnetlib/lp_standmps       n/a 
        suitesparse_matrix.LPnetlib/lp_stocfor1       n/a 
        suitesparse_matrix.LPnetlib/lp_stocfor2       n/a 
        suitesparse_matrix.LPnetlib/lp_stocfor3       n/a 
          suitesparse_matrix.LPnetlib/lp_truss        n/a 
          suitesparse_matrix.LPnetlib/lp_tuff         n/a 
        suitesparse_matrix.LPnetlib/lp_vtp_base       n/a 
         suitesparse_matrix.LPnetlib/lp_wood1p        n/a 
          suitesparse_matrix.LPnetlib/lp_woodw        n/a 
         suitesparse_matrix.LPnetlib/lpi_bgdbg1       n/a 
         suitesparse_matrix.LPnetlib/lpi_bgetam       n/a 
         suitesparse_matrix.LPnetlib/lpi_bgindy       n/a 
         suitesparse_matrix.LPnetlib/lpi_bgprtr       n/a 
          suitesparse_matrix.LPnetlib/lpi_box1        n/a 
        suitesparse_matrix.LPnetlib/lpi_ceria3d       n/a 
        suitesparse_matrix.LPnetlib/lpi_chemcom       n/a 
         suitesparse_matrix.LPnetlib/lpi_cplex1       n/a 
         suitesparse_matrix.LPnetlib/lpi_cplex2       n/a 
         suitesparse_matrix.LPnetlib/lpi_ex72a        n/a 
         suitesparse_matrix.LPnetlib/lpi_ex73a        n/a 
        suitesparse_matrix.LPnetlib/lpi_forest6       n/a 
        suitesparse_matrix.LPnetlib/lpi_galenet       n/a 
          suitesparse_matrix.LPnetlib/lpi_gosh        n/a 
          suitesparse_matrix.LPnetlib/lpi_gran        n/a 
        suitesparse_matrix.LPnetlib/lpi_greenbea      n/a 
         suitesparse_matrix.LPnetlib/lpi_itest2       n/a 
         suitesparse_matrix.LPnetlib/lpi_itest6       n/a 
         suitesparse_matrix.LPnetlib/lpi_klein1       n/a 
         suitesparse_matrix.LPnetlib/lpi_klein2       n/a 
         suitesparse_matrix.LPnetlib/lpi_klein3       n/a 
        suitesparse_matrix.LPnetlib/lpi_mondou2       n/a 
          suitesparse_matrix.LPnetlib/lpi_pang        n/a 
        suitesparse_matrix.LPnetlib/lpi_pilot4i       n/a 
          suitesparse_matrix.LPnetlib/lpi_qual        n/a 
        suitesparse_matrix.LPnetlib/lpi_reactor       n/a 
        suitesparse_matrix.LPnetlib/lpi_refinery      n/a 
          suitesparse_matrix.LPnetlib/lpi_vol1        n/a 
        suitesparse_matrix.LPnetlib/lpi_woodinfe      n/a 
   ================================================= =====
INFO:root:...ng.time_Weighted Model Counting using einsum

·· ...ng.time_Weighted Model Counting using einsum                 okINFO:root:======================================== =====
                dataset                       
---------------------------------------- -----
          wmc_generator.test_1            n/a 
          wmc_generator.test_2            n/a 
          wmc_generator.test_3            n/a 
          wmc_generator.test_4            n/a 
          wmc_generator.test_5            n/a 
          wmc_generator.test_6            n/a 
 mccomp_pwmc.track4_pwmc_random_pwmc_1    n/a 
 mccomp_pwmc.track4_pwmc_random_pwmc_2    n/a 
 mccomp_pwmc.track4_pwmc_random_pwmc_3    n/a 
 mccomp_pwmc.track4_pwmc_random_pwmc_4    n/a 
 mccomp_pwmc.track4_pwmc_random_pwmc_5    n/a 
 mccomp_pwmc.track4_pwmc_random_pwmc_6    n/a 
 mccomp_pwmc.track4_pwmc_random_pwmc_7    n/a 
 mccomp_pwmc.track4_pwmc_random_pwmc_8    n/a 
 mccomp_pwmc.track4_pwmc_random_pwmc_9    n/a 
 mccomp_pwmc.track4_pwmc_random_pwmc_10   n/a 
======================================== =====

·· ======================================== =====
                   dataset                       
   ---------------------------------------- -----
             wmc_generator.test_1            n/a 
             wmc_generator.test_2            n/a 
             wmc_generator.test_3            n/a 
             wmc_generator.test_4            n/a 
             wmc_generator.test_5            n/a 
             wmc_generator.test_6            n/a 
    mccomp_pwmc.track4_pwmc_random_pwmc_1    n/a 
    mccomp_pwmc.track4_pwmc_random_pwmc_2    n/a 
    mccomp_pwmc.track4_pwmc_random_pwmc_3    n/a 
    mccomp_pwmc.track4_pwmc_random_pwmc_4    n/a 
    mccomp_pwmc.track4_pwmc_random_pwmc_5    n/a 
    mccomp_pwmc.track4_pwmc_random_pwmc_6    n/a 
    mccomp_pwmc.track4_pwmc_random_pwmc_7    n/a 
    mccomp_pwmc.track4_pwmc_random_pwmc_8    n/a 
    mccomp_pwmc.track4_pwmc_random_pwmc_9    n/a 
    mccomp_pwmc.track4_pwmc_random_pwmc_10   n/a 
   ======================================== =====
cache summary: selected=555 failed_benchmark_entries=0
---------------------------------------
Begin Slurm Epilog: Sep-23-2026 17:52:16
Job ID:        13490262
User ID:       wahrens6
Account:       gts-wahrens6
Job name:      dataset-upload
Resources:     cpu=24,mem=350G,node=1
Rsrc Used:     cput=4-09:42:48,vmem=0,walltime=04:24:17,mem=239987140K,energy_used=0
Partition:     cpu-medium
QOS:           inferno
Nodes:         atl1-1-02-003-3-2
---------------------------------------
