---------------------------------------
Begin Slurm Prolog: Sep-28-2026 00:18:21
Job ID:    13661571
User ID:   wahrens6
Account:   gts-wahrens6
Job name:  dataset-upload
Partition: cpu-medium
QOS:       inferno
---------------------------------------
INFO:root:Using SAPS config: {'environment_type': 'existing:same'}
· Using SAPS config: {'environment_type': 'existing:same'}INFO:root:Using SAPS outputs directory: /storage/scratch1/7/wahrens6/SparseArrayProgrammingSuite/.saps/outputs/chunk-5

· Using SAPS outputs directory: /storage/scratch1/7/wahrens6/SparseArrayProgrammingSuite/.saps/outputs/chunk-5INFO:root:Using SAPS dataset cache: /storage/scratch1/7/wahrens6/SparseArrayProgrammingSuite/.saps/outputs/cache

· Using SAPS dataset cache: /storage/scratch1/7/wahrens6/SparseArrayProgrammingSuite/.saps/outputs/cacheINFO:root:Using SAPS machine files directory: /storage/scratch1/7/wahrens6/SparseArrayProgrammingSuite/.saps/machine_files/chunk-5

· Using SAPS machine files directory: /storage/scratch1/7/wahrens6/SparseArrayProgrammingSuite/.saps/machine_files/chunk-5INFO:root:Discovering benchmarks

· Discovering benchmarksDiscovered 0 benchmark entries for caching
Using timeout: 5000 seconds
cache summary: selected=0 failed_benchmark_entries=0
---------------------------------------
Begin Slurm Epilog: Sep-28-2026 00:18:57
Job ID:        13661571
Array Job ID:  13661562_5
User ID:       wahrens6
Account:       gts-wahrens6
Job name:      dataset-upload
Resources:     cpu=24,mem=350G,node=1
Rsrc Used:     cput=00:15:36,vmem=0,walltime=00:00:39,mem=494756K,energy_used=0
Partition:     cpu-medium
QOS:           inferno
Nodes:         atl1-1-03-003-34-2
---------------------------------------
